
> recipe-chef@1.2.0 test:e2e
> playwright test

Configuration Error: HTML reporter output folder clashes with the tests output folder:

    html reporter folder: /Users/josephvaleri/recipe-chef/test-results/html
    test results folder: /Users/josephvaleri/recipe-chef/test-results

HTML reporter will clear its output directory prior to being generated, which will lead to the artifact loss.


Running 48 tests using 1 worker

(node:40299) Warning: The 'NO_COLOR' env is ignored due to the 'FORCE_COLOR' env being set.
(Use `node --trace-warnings ...` to show where the warning was created)
(node:40299) Warning: The 'NO_COLOR' env is ignored due to the 'FORCE_COLOR' env being set.
(Use `node --trace-warnings ...` to show where the warning was created)
  ✓   1 [chromium] › tests/auth.spec.ts:8:7 › Authentication Tests › should load homepage without errors (2.7s)
  ✓   2 [chromium] › tests/auth.spec.ts:23:7 › Authentication Tests › should navigate to sign in page (1.9s)
  ✘   3 [chromium] › tests/auth.spec.ts:30:7 › Authentication Tests › should navigate to sign up page (6.1s)
(node:40424) Warning: The 'NO_COLOR' env is ignored due to the 'FORCE_COLOR' env being set.
(Use `node --trace-warnings ...` to show where the warning was created)
(node:40424) Warning: The 'NO_COLOR' env is ignored due to the 'FORCE_COLOR' env being set.
(Use `node --trace-warnings ...` to show where the warning was created)
  ✓   4 [chromium] › tests/auth.spec.ts:37:7 › Authentication Tests › should show validation errors for empty login (1.5s)
  ✓   5 [chromium] › tests/auth.spec.ts:45:7 › Authentication Tests › should reject invalid email format (1.2s)
  ✘   6 [chromium] › tests/auth.spec.ts:56:7 › Authentication Tests › should not expose sensitive data in response headers (1.3s)
(node:40480) Warning: The 'NO_COLOR' env is ignored due to the 'FORCE_COLOR' env being set.
(Use `node --trace-warnings ...` to show where the warning was created)
(node:40480) Warning: The 'NO_COLOR' env is ignored due to the 'FORCE_COLOR' env being set.
(Use `node --trace-warnings ...` to show where the warning was created)
  ✓   7 [chromium] › tests/auth.spec.ts:70:7 › Authentication Tests › should protect against session fixation (1.2s)
  ✓   8 [chromium] › tests/calendar.spec.ts:4:7 › Calendar and Meal Planning Tests › should load calendar page (2.2s)
  ✓   9 [chromium] › tests/calendar.spec.ts:12:7 › Calendar and Meal Planning Tests › should display current month (1.8s)
  ✓  10 [chromium] › tests/calendar.spec.ts:25:7 › Calendar and Meal Planning Tests › should navigate between months (1.9s)
  ✓  11 [chromium] › tests/calendar.spec.ts:46:7 › Calendar and Meal Planning Tests › should handle clicking on dates (1.9s)
  ✓  12 [chromium] › tests/calendar.spec.ts:70:7 › Calendar and Meal Planning Tests › should show add recipe modal (1.8s)
  ✓  13 [chromium] › tests/calendar.spec.ts:93:7 › Calendar and Meal Planning Tests › should not allow overlapping recipes on same date (2.6s)
  ✓  14 [chromium] › tests/performance.spec.ts:4:7 › Performance Tests › should load homepage within acceptable time (1.8s)
  ✓  15 [chromium] › tests/performance.spec.ts:14:7 › Performance Tests › should not have excessive network requests (1.8s)
  ✓  16 [chromium] › tests/performance.spec.ts:28:7 › Performance Tests › should not load oversized images (2.2s)
  ✓  17 [chromium] › tests/performance.spec.ts:50:7 › Performance Tests › should not have memory leaks on navigation (14.4s)
  ✓  18 [chromium] › tests/recipes.spec.ts:5:9 › Recipe Management Tests › Recipe Import › should load add recipe page (3.1s)
  ✓  19 [chromium] › tests/recipes.spec.ts:14:9 › Recipe Management Tests › Recipe Import › should have URL import functionality (1.8s)
  ✓  20 [chromium] › tests/recipes.spec.ts:26:9 › Recipe Management Tests › Recipe Import › should validate recipe URL format (1.9s)
  ✓  21 [chromium] › tests/recipes.spec.ts:43:9 › Recipe Management Tests › Recipe Display › should load cookbook page (2.2s)
  ✓  22 [chromium] › tests/recipes.spec.ts:52:9 › Recipe Management Tests › Recipe Display › should have search functionality (2.3s)
  ✓  23 [chromium] › tests/recipes.spec.ts:78:9 › Recipe Management Tests › Recipe Display › should display recipe cards without errors (1.9s)
  ✓  24 [chromium] › tests/recipes.spec.ts:99:9 › Recipe Management Tests › Recipe Finder › should load recipe finder page (1.9s)
  ✓  25 [chromium] › tests/recipes.spec.ts:107:9 › Recipe Management Tests › Recipe Finder › should have ingredient filters (1.8s)
  ✓  26 [chromium] › tests/recipes.spec.ts:120:9 › Recipe Management Tests › Recipe Detail View › should handle invalid recipe IDs gracefully (2.7s)
  ✓  27 [chromium] › tests/recipes.spec.ts:137:9 › Recipe Management Tests › Recipe Detail View › should scale recipe servings (1.9s)
  ✓  28 [chromium] › tests/recipes.spec.ts:165:9 › Recipe Management Tests › Data Integrity › should handle missing recipe images gracefully (1.9s)
  ✓  29 [chromium] › tests/recipes.spec.ts:186:9 › Recipe Management Tests › Data Integrity › should validate recipe data types (1.6s)
  ✓  30 [chromium] › tests/security.spec.ts:5:9 › Security Vulnerability Tests › XSS Protection › should sanitize recipe title input (902ms)
  ✘  31 [chromium] › tests/security.spec.ts:38:9 › Security Vulnerability Tests › XSS Protection › should sanitize recipe description (2.0s)
(node:41123) Warning: The 'NO_COLOR' env is ignored due to the 'FORCE_COLOR' env being set.
(Use `node --trace-warnings ...` to show where the warning was created)
(node:41123) Warning: The 'NO_COLOR' env is ignored due to the 'FORCE_COLOR' env being set.
(Use `node --trace-warnings ...` to show where the warning was created)
  ✓  32 [chromium] › tests/security.spec.ts:51:9 › Security Vulnerability Tests › SQL Injection Protection › should handle SQL injection attempts in search (1.0s)
  ✘  33 [chromium] › tests/security.spec.ts:82:9 › Security Vulnerability Tests › Authentication & Authorization › should redirect unauthenticated users from protected routes (4.2s)
(node:41199) Warning: The 'NO_COLOR' env is ignored due to the 'FORCE_COLOR' env being set.
(Use `node --trace-warnings ...` to show where the warning was created)
(node:41199) Warning: The 'NO_COLOR' env is ignored due to the 'FORCE_COLOR' env being set.
(Use `node --trace-warnings ...` to show where the warning was created)
  ✘  34 [chromium] › tests/security.spec.ts:101:9 › Security Vulnerability Tests › Authentication & Authorization › should not allow access to admin routes for non-admin users (1.9s)
(node:41227) Warning: The 'NO_COLOR' env is ignored due to the 'FORCE_COLOR' env being set.
(Use `node --trace-warnings ...` to show where the warning was created)
(node:41227) Warning: The 'NO_COLOR' env is ignored due to the 'FORCE_COLOR' env being set.
(Use `node --trace-warnings ...` to show where the warning was created)
  ✓  35 [chromium] › tests/security.spec.ts:112:9 › Security Vulnerability Tests › CSRF Protection › should include CSRF tokens in forms (1.4s)
  ✓  36 [chromium] › tests/security.spec.ts:131:9 › Security Vulnerability Tests › Information Disclosure › should not expose sensitive information in client-side code (1.7s)
  ✓  37 [chromium] › tests/security.spec.ts:148:9 › Security Vulnerability Tests › Information Disclosure › should not expose internal paths in errors (3.4s)
  ✓  38 [chromium] › tests/security.spec.ts:168:9 › Security Vulnerability Tests › File Upload Security › should validate file types for recipe images (918ms)
WARNING: No clickjacking protection detected (X-Frame-Options or CSP frame-ancestors)
  ✓  39 [chromium] › tests/security.spec.ts:186:9 › Security Vulnerability Tests › Clickjacking Protection › should set X-Frame-Options or CSP frame-ancestors (885ms)
Security header issues found: [
  [32m'Missing Strict-Transport-Security header'[39m,
  [32m'Missing X-Content-Type-Options header'[39m,
  [32m'Missing X-Frame-Options or CSP frame-ancestors'[39m,
  [32m'Missing Content-Security-Policy header'[39m,
  [32m'X-Powered-By header exposes technology stack'[39m
]
  ✓  40 [chromium] › tests/security.spec.ts:201:9 › Security Vulnerability Tests › Security Headers › should have proper security headers (941ms)
  ✓  41 [chromium] › tests/shopping-list.spec.ts:4:7 › Shopping List Tests › should load shopping list page (1.4s)
  ✓  42 [chromium] › tests/shopping-list.spec.ts:12:7 › Shopping List Tests › should display shopping list without errors (3.5s)
  ✓  43 [chromium] › tests/shopping-list.spec.ts:31:7 › Shopping List Tests › should have date range selector (1.4s)
  ✓  44 [chromium] › tests/shopping-list.spec.ts:42:7 › Shopping List Tests › should group ingredients by category (3.5s)
  ✓  45 [chromium] › tests/shopping-list.spec.ts:60:7 › Shopping List Tests › should allow checking off items (3.5s)
  ✓  46 [chromium] › tests/shopping-list.spec.ts:83:7 › Shopping List Tests › should combine duplicate ingredients (3.5s)
  ✓  47 [chromium] › tests/shopping-list.spec.ts:98:7 › Shopping List Tests › should have print functionality (1.4s)
  ✓  48 [chromium] › tests/shopping-list.spec.ts:111:7 › Shopping List Tests › should handle empty shopping list gracefully (3.5s)


  1) [chromium] › tests/auth.spec.ts:30:7 › Authentication Tests › should navigate to sign up page ─

    Error: [2mexpect([22m[31mpage[39m[2m).[22mtoHaveURL[2m([22m[32mexpected[39m[2m)[22m failed

    Expected pattern: [32m/\/auth\/signup/[39m
    Received string:  [31m"http://localhost:3000/"[39m
    Timeout: 5000ms

    Call log:
    [2m  - Expect "toHaveURL" with timeout 5000ms[22m
    [2m    9 × unexpected value "http://localhost:3000/"[22m


      30 |   test('should navigate to sign up page', async ({ page }) => {
      31 |     await page.click('text=Sign Up');
    > 32 |     await expect(page).toHaveURL(/\/auth\/signup/);
         |                        ^
      33 |     await expect(page.locator('input[type="email"]')).toBeVisible();
      34 |     await expect(page.locator('input[type="password"]')).toBeVisible();
      35 |   });
        at /Users/josephvaleri/recipe-chef/tests/auth.spec.ts:32:24

    attachment #1: screenshot (image/png) ──────────────────────────────────────────────────────────
    test-results/auth-Authentication-Tests-should-navigate-to-sign-up-page-chromium/test-failed-1.png
    ────────────────────────────────────────────────────────────────────────────────────────────────

    attachment #2: video (video/webm) ──────────────────────────────────────────────────────────────
    test-results/auth-Authentication-Tests-should-navigate-to-sign-up-page-chromium/video.webm
    ────────────────────────────────────────────────────────────────────────────────────────────────

    Error Context: test-results/auth-Authentication-Tests-should-navigate-to-sign-up-page-chromium/error-context.md

    attachment #4: trace (application/zip) ─────────────────────────────────────────────────────────
    test-results/auth-Authentication-Tests-should-navigate-to-sign-up-page-chromium/trace.zip
    Usage:

        npx playwright show-trace test-results/auth-Authentication-Tests-should-navigate-to-sign-up-page-chromium/trace.zip

    ────────────────────────────────────────────────────────────────────────────────────────────────

  2) [chromium] › tests/auth.spec.ts:56:7 › Authentication Tests › should not expose sensitive data in response headers 

    Error: [2mexpect([22m[31mreceived[39m[2m).[22mtoBeUndefined[2m()[22m

    Received: [31m"Next.js"[39m

      59 |     
      60 |     // Check for security headers
    > 61 |     expect(headers?.['x-powered-by']).toBeUndefined();
         |                                       ^
      62 |     
      63 |     // Check that sensitive info is not leaked
      64 |     const bodyText = await page.textContent('body');
        at /Users/josephvaleri/recipe-chef/tests/auth.spec.ts:61:39

    attachment #1: screenshot (image/png) ──────────────────────────────────────────────────────────
    test-results/auth-Authentication-Tests--00cc5-ve-data-in-response-headers-chromium/test-failed-1.png
    ────────────────────────────────────────────────────────────────────────────────────────────────

    attachment #2: video (video/webm) ──────────────────────────────────────────────────────────────
    test-results/auth-Authentication-Tests--00cc5-ve-data-in-response-headers-chromium/video.webm
    ────────────────────────────────────────────────────────────────────────────────────────────────

    Error Context: test-results/auth-Authentication-Tests--00cc5-ve-data-in-response-headers-chromium/error-context.md

    attachment #4: trace (application/zip) ─────────────────────────────────────────────────────────
    test-results/auth-Authentication-Tests--00cc5-ve-data-in-response-headers-chromium/trace.zip
    Usage:

        npx playwright show-trace test-results/auth-Authentication-Tests--00cc5-ve-data-in-response-headers-chromium/trace.zip

    ────────────────────────────────────────────────────────────────────────────────────────────────

  3) [chromium] › tests/security.spec.ts:38:9 › Security Vulnerability Tests › XSS Protection › should sanitize recipe description 

    Error: [2mexpect([22m[31mreceived[39m[2m).[22mnot[2m.[22mtoMatch[2m([22m[32mexpected[39m[2m)[22m

    Expected pattern: not [32m/<script>(?!.*__NEXT_DATA__)/[39m
    Received string:      [31m"<!DOCTYPE html><html lang=\"en\"><head><meta charset=\"utf-8\"><meta name=\"viewport\" content=\"width=device-width, initial-scale=1\"><link rel=\"stylesheet\" href=\"/_next/static/chunks/%5Broot-of-the-server%5D__0f0ba101._.css\" data-precedence=\"next_static/chunks/[root-of-the-server]__0f0ba101._.css\"><link rel=\"preload\" as=\"script\" fetchpriority=\"low\" href=\"/_next/static/chunks/%5Bturbopack%5D_browser_dev_hmr-client_hmr-client_ts_57d40746._.js\"><script src=\"/_next/static/chunks/node_modules_next_dist_compiled_react-dom_1e674e59._.js\" async=\"\"></script><script src=\"/_next/static/chunks/node_modules_next_dist_compiled_next-devtools_index_a9cb0712.js\" async=\"\"></script><script src=\"/_next/static/chunks/node_modules_next_dist_compiled_5150ccfd._.js\" async=\"\"></script><script src=\"/_next/static/chunks/node_modules_next_dist_client_cf1d9188._.js\" async=\"\"></script><script src=\"/_next/static/chunks/node_modules_next_dist_b0daae9a._.js\" async=\"\"></script><script src=\"/_next/static/chunks/node_modules_%40swc_helpers_cjs_b3dc30d6._.js\" async=\"\"></script><script src=\"/_next/static/chunks/_a0ff3932._.js\" async=\"\"></script><script src=\"/_next/static/chunks/turbopack-_cdba956c._.js\" async=\"\"></script><script src=\"/_next/static/chunks/node_modules_%40supabase_node-fetch_browser_ebbd8575.js\" async=\"\"></script><script src=\"/_next/static/chunks/src_6e6db64b._.js\" async=\"\"></script><script src=\"/_next/static/chunks/node_modules_next_79493236._.js\" async=\"\"></script><script src=\"/_next/static/chunks/node_modules_motion-dom_dist_es_da948acf._.js\" async=\"\"></script><script src=\"/_next/static/chunks/node_modules_framer-motion_dist_es_fdd5ade6._.js\" async=\"\"></script><script src=\"/_next/static/chunks/node_modules_%40supabase_auth-js_dist_module_d12e0176._.js\" async=\"\"></script><script src=\"/_next/static/chunks/node_modules_465cf5ed._.js\" async=\"\"></script><script src=\"/_next/static/chunks/src_app_layout_tsx_0a548d63._.js\" async=\"\"></script><script src=\"/_next/static/chunks/src_665178cf._.js\" async=\"\"></script><script src=\"/_next/static/chunks/node_modules_9e648a50._.js\" async=\"\"></script><script src=\"/_next/static/chunks/src_app_page_tsx_2a792671._.js\" async=\"\"></script><script src=\"/_next/static/chunks/node_modules_next_dist_client_components_builtin_global-error_2a792671.js\" async=\"\"></script><script src=\"https://cdn.paddle.com/paddle/paddle.js\" data-environment=\"sandbox\" async=\"\"></script><meta name=\"next-size-adjust\" content=\"\"><script src=\"/_next/static/chunks/node_modules_next_dist_build_polyfills_polyfill-nomodule.js\" nomodule=\"\"></script><link rel=\"icon\" href=\"/favicon.svg\"><link rel=\"apple-touch-icon\" href=\"/apple-touch-icon.svg\"><link rel=\"preload\" href=\"/_next/static/media/797e433ab948586e-s.p.dbea232f.woff2\" as=\"font\" crossorigin=\"\" type=\"font/woff2\"><link rel=\"preload\" href=\"/_next/static/media/caa3a2e1cccd8315-s.p.853070df.woff2\" as=\"font\" crossorigin=\"\" type=\"font/woff2\"><style>@font-face{font-family:'__nextjs-Geist';font-style:normal;font-weight:400 600;font-display:swap;src:url(/__nextjs_font/geist-latin-ext.woff2) format('woff2');unicode-range:U+0100-02BA,U+02BD-02C5,U+02C7-02CC,U+02CE-02D7,U+02DD-02FF,U+0304,U+0308,U+0329,U+1D00-1DBF,U+1E00-1E9F,U+1EF2-1EFF,U+2020,U+20A0-20AB,U+20AD-20C0,U+2113,U+2C60-2C7F,U+A720-A7FF}@font-face{font-family:'__nextjs-Geist Mono';font-style:normal;font-weight:400 600;font-display:swap;src:url(/__nextjs_font/geist-mono-latin-ext.woff2) format('woff2');unicode-range:U+0100-02BA,U+02BD-02C5,U+02C7-02CC,U+02CE-02D7,U+02DD-02FF,U+0304,U+0308,U+0329,U+1D00-1DBF,U+1E00-1E9F,U+1EF2-1EFF,U+2020,U+20A0-20AB,U+20AD-20C0,U+2113,U+2C60-2C7F,U+A720-A7FF}@font-face{font-family:'__nextjs-Geist';font-style:normal;font-weight:400 600;font-display:swap;src:url(/__nextjs_font/geist-latin.woff2) format('woff2');unicode-range:U+0000-00FF,U+0131,U+0152-0153,U+02BB-02BC,U+02C6,U+02DA,U+02DC,U+0304,U+0308,U+0329,U+2000-206F,U+20AC,U+2122,U+2191,U+2193,U+2212,U+2215,U+FEFF,U+FFFD}@font-face{font-family:'__nextjs-Geist Mono';font-style:normal;font-weight:400 600;font-display:swap;src:url(/__nextjs_font/geist-mono-latin.woff2) format('woff2');unicode-range:U+0000-00FF,U+0131,U+0152-0153,U+02BB-02BC,U+02C6,U+02DA,U+02DC,U+0304,U+0308,U+0329,U+2000-206F,U+20AC,U+2122,U+2191,U+2193,U+2212,U+2215,U+FEFF,U+FFFD}</style><style type=\"text/css\">[data-sonner-toaster][dir=ltr],html[dir=ltr]{--toast-icon-margin-start:-3px;--toast-icon-margin-end:4px;--toast-svg-margin-start:-1px;--toast-svg-margin-end:0px;--toast-button-margin-start:auto;--toast-button-margin-end:0;--toast-close-button-start:0;--toast-close-button-end:unset;--toast-close-button-transform:translate(-35%, -35%)}[data-sonner-toaster][dir=rtl],html[dir=rtl]{--toast-icon-margin-start:4px;--toast-icon-margin-end:-3px;--toast-svg-margin-start:0px;--toast-svg-margin-end:-1px;--toast-button-margin-start:0;--toast-button-margin-end:auto;--toast-close-button-start:unset;--toast-close-button-end:0;--toast-close-button-transform:translate(35%, -35%)}[data-sonner-toaster]{position:fixed;width:var(--width);font-family:ui-sans-serif,system-ui,-apple-system,BlinkMacSystemFont,Segoe UI,Roboto,Helvetica Neue,Arial,Noto Sans,sans-serif,Apple Color Emoji,Segoe UI Emoji,Segoe UI Symbol,Noto Color Emoji;--gray1:hsl(0, 0%, 99%);--gray2:hsl(0, 0%, 97.3%);--gray3:hsl(0, 0%, 95.1%);--gray4:hsl(0, 0%, 93%);--gray5:hsl(0, 0%, 90.9%);--gray6:hsl(0, 0%, 88.7%);--gray7:hsl(0, 0%, 85.8%);--gray8:hsl(0, 0%, 78%);--gray9:hsl(0, 0%, 56.1%);--gray10:hsl(0, 0%, 52.3%);--gray11:hsl(0, 0%, 43.5%);--gray12:hsl(0, 0%, 9%);--border-radius:8px;box-sizing:border-box;padding:0;margin:0;list-style:none;outline:0;z-index:999999999;transition:transform .4s ease}@media (hover:none) and (pointer:coarse){[data-sonner-toaster][data-lifted=true]{transform:none}}[data-sonner-toaster][data-x-position=right]{right:var(--offset-right)}[data-sonner-toaster][data-x-position=left]{left:var(--offset-left)}[data-sonner-toaster][data-x-position=center]{left:50%;transform:translateX(-50%)}[data-sonner-toaster][data-y-position=top]{top:var(--offset-top)}[data-sonner-toaster][data-y-position=bottom]{bottom:var(--offset-bottom)}[data-sonner-toast]{--y:translateY(100%);--lift-amount:calc(var(--lift) * var(--gap));z-index:var(--z-index);position:absolute;opacity:0;transform:var(--y);touch-action:none;transition:transform .4s,opacity .4s,height .4s,box-shadow .2s;box-sizing:border-box;outline:0;overflow-wrap:anywhere}[data-sonner-toast][data-styled=true]{padding:16px;background:var(--normal-bg);border:1px solid var(--normal-border);color:var(--normal-text);border-radius:var(--border-radius);box-shadow:0 4px 12px rgba(0,0,0,.1);width:var(--width);font-size:13px;display:flex;align-items:center;gap:6px}[data-sonner-toast]:focus-visible{box-shadow:0 4px 12px rgba(0,0,0,.1),0 0 0 2px rgba(0,0,0,.2)}[data-sonner-toast][data-y-position=top]{top:0;--y:translateY(-100%);--lift:1;--lift-amount:calc(1 * var(--gap))}[data-sonner-toast][data-y-position=bottom]{bottom:0;--y:translateY(100%);--lift:-1;--lift-amount:calc(var(--lift) * var(--gap))}[data-sonner-toast][data-styled=true] [data-description]{font-weight:400;line-height:1.4;color:#3f3f3f}[data-rich-colors=true][data-sonner-toast][data-styled=true] [data-description]{color:inherit}[data-sonner-toaster][data-sonner-theme=dark] [data-description]{color:#e8e8e8}[data-sonner-toast][data-styled=true] [data-title]{font-weight:500;line-height:1.5;color:inherit}[data-sonner-toast][data-styled=true] [data-icon]{display:flex;height:16px;width:16px;position:relative;justify-content:flex-start;align-items:center;flex-shrink:0;margin-left:var(--toast-icon-margin-start);margin-right:var(--toast-icon-margin-end)}[data-sonner-toast][data-promise=true] [data-icon]>svg{opacity:0;transform:scale(.8);transform-origin:center;animation:sonner-fade-in .3s ease forwards}[data-sonner-toast][data-styled=true] [data-icon]>*{flex-shrink:0}[data-sonner-toast][data-styled=true] [data-icon] svg{margin-left:var(--toast-svg-margin-start);margin-right:var(--toast-svg-margin-end)}[data-sonner-toast][data-styled=true] [data-content]{display:flex;flex-direction:column;gap:2px}[data-sonner-toast][data-styled=true] [data-button]{border-radius:4px;padding-left:8px;padding-right:8px;height:24px;font-size:12px;color:var(--normal-bg);background:var(--normal-text);margin-left:var(--toast-button-margin-start);margin-right:var(--toast-button-margin-end);border:none;font-weight:500;cursor:pointer;outline:0;display:flex;align-items:center;flex-shrink:0;transition:opacity .4s,box-shadow .2s}[data-sonner-toast][data-styled=true] [data-button]:focus-visible{box-shadow:0 0 0 2px rgba(0,0,0,.4)}[data-sonner-toast][data-styled=true] [data-button]:first-of-type{margin-left:var(--toast-button-margin-start);margin-right:var(--toast-button-margin-end)}[data-sonner-toast][data-styled=true] [data-cancel]{color:var(--normal-text);background:rgba(0,0,0,.08)}[data-sonner-toaster][data-sonner-theme=dark] [data-sonner-toast][data-styled=true] [data-cancel]{background:rgba(255,255,255,.3)}[data-sonner-toast][data-styled=true] [data-close-button]{position:absolute;left:var(--toast-close-button-start);right:var(--toast-close-button-end);top:0;height:20px;width:20px;display:flex;justify-content:center;align-items:center;padding:0;color:var(--gray12);background:var(--normal-bg);border:1px solid var(--gray4);transform:var(--toast-close-button-transform);border-radius:50%;cursor:pointer;z-index:1;transition:opacity .1s,background .2s,border-color .2s}[data-sonner-toast][data-styled=true] [data-close-button]:focus-visible{box-shadow:0 4px 12px rgba(0,0,0,.1),0 0 0 2px rgba(0,0,0,.2)}[data-sonner-toast][data-styled=true] [data-disabled=true]{cursor:not-allowed}[data-sonner-toast][data-styled=true]:hover [data-close-button]:hover{background:var(--gray2);border-color:var(--gray5)}[data-sonner-toast][data-swiping=true]::before{content:'';position:absolute;left:-100%;right:-100%;height:100%;z-index:-1}[data-sonner-toast][data-y-position=top][data-swiping=true]::before{bottom:50%;transform:scaleY(3) translateY(50%)}[data-sonner-toast][data-y-position=bottom][data-swiping=true]::before{top:50%;transform:scaleY(3) translateY(-50%)}[data-sonner-toast][data-swiping=false][data-removed=true]::before{content:'';position:absolute;inset:0;transform:scaleY(2)}[data-sonner-toast][data-expanded=true]::after{content:'';position:absolute;left:0;height:calc(var(--gap) + 1px);bottom:100%;width:100%}[data-sonner-toast][data-mounted=true]{--y:translateY(0);opacity:1}[data-sonner-toast][data-expanded=false][data-front=false]{--scale:var(--toasts-before) * 0.05 + 1;--y:translateY(calc(var(--lift-amount) * var(--toasts-before))) scale(calc(-1 * var(--scale)));height:var(--front-toast-height)}[data-sonner-toast]>*{transition:opacity .4s}[data-sonner-toast][data-x-position=right]{right:0}[data-sonner-toast][data-x-position=left]{left:0}[data-sonner-toast][data-expanded=false][data-front=false][data-styled=true]>*{opacity:0}[data-sonner-toast][data-visible=false]{opacity:0;pointer-events:none}[data-sonner-toast][data-mounted=true][data-expanded=true]{--y:translateY(calc(var(--lift) * var(--offset)));height:var(--initial-height)}[data-sonner-toast][data-removed=true][data-front=true][data-swipe-out=false]{--y:translateY(calc(var(--lift) * -100%));opacity:0}[data-sonner-toast][data-removed=true][data-front=false][data-swipe-out=false][data-expanded=true]{--y:translateY(calc(var(--lift) * var(--offset) + var(--lift) * -100%));opacity:0}[data-sonner-toast][data-removed=true][data-front=false][data-swipe-out=false][data-expanded=false]{--y:translateY(40%);opacity:0;transition:transform .5s,opacity .2s}[data-sonner-toast][data-removed=true][data-front=false]::before{height:calc(var(--initial-height) + 20%)}[data-sonner-toast][data-swiping=true]{transform:var(--y) translateY(var(--swipe-amount-y,0)) translateX(var(--swipe-amount-x,0));transition:none}[data-sonner-toast][data-swiped=true]{user-select:none}[data-sonner-toast][data-swipe-out=true][data-y-position=bottom],[data-sonner-toast][data-swipe-out=true][data-y-position=top]{animation-duration:.2s;animation-timing-function:ease-out;animation-fill-mode:forwards}[data-sonner-toast][data-swipe-out=true][data-swipe-direction=left]{animation-name:swipe-out-left}[data-sonner-toast][data-swipe-out=true][data-swipe-direction=right]{animation-name:swipe-out-right}[data-sonner-toast][data-swipe-out=true][data-swipe-direction=up]{animation-name:swipe-out-up}[data-sonner-toast][data-swipe-out=true][data-swipe-direction=down]{animation-name:swipe-out-down}@keyframes swipe-out-left{from{transform:var(--y) translateX(var(--swipe-amount-x));opacity:1}to{transform:var(--y) translateX(calc(var(--swipe-amount-x) - 100%));opacity:0}}@keyframes swipe-out-right{from{transform:var(--y) translateX(var(--swipe-amount-x));opacity:1}to{transform:var(--y) translateX(calc(var(--swipe-amount-x) + 100%));opacity:0}}@keyframes swipe-out-up{from{transform:var(--y) translateY(var(--swipe-amount-y));opacity:1}to{transform:var(--y) translateY(calc(var(--swipe-amount-y) - 100%));opacity:0}}@keyframes swipe-out-down{from{transform:var(--y) translateY(var(--swipe-amount-y));opacity:1}to{transform:var(--y) translateY(calc(var(--swipe-amount-y) + 100%));opacity:0}}@media (max-width:600px){[data-sonner-toaster]{position:fixed;right:var(--mobile-offset-right);left:var(--mobile-offset-left);width:100%}[data-sonner-toaster][dir=rtl]{left:calc(var(--mobile-offset-left) * -1)}[data-sonner-toaster] [data-sonner-toast]{left:0;right:0;width:calc(100% - var(--mobile-offset-left) * 2)}[data-sonner-toaster][data-x-position=left]{left:var(--mobile-offset-left)}[data-sonner-toaster][data-y-position=bottom]{bottom:var(--mobile-offset-bottom)}[data-sonner-toaster][data-y-position=top]{top:var(--mobile-offset-top)}[data-sonner-toaster][data-x-position=center]{left:var(--mobile-offset-left);right:var(--mobile-offset-right);transform:none}}[data-sonner-toaster][data-sonner-theme=light]{--normal-bg:#fff;--normal-border:var(--gray4);--normal-text:var(--gray12);--success-bg:hsl(143, 85%, 96%);--success-border:hsl(145, 92%, 87%);--success-text:hsl(140, 100%, 27%);--info-bg:hsl(208, 100%, 97%);--info-border:hsl(221, 91%, 93%);--info-text:hsl(210, 92%, 45%);--warning-bg:hsl(49, 100%, 97%);--warning-border:hsl(49, 91%, 84%);--warning-text:hsl(31, 92%, 45%);--error-bg:hsl(359, 100%, 97%);--error-border:hsl(359, 100%, 94%);--error-text:hsl(360, 100%, 45%)}[data-sonner-toaster][data-sonner-theme=light] [data-sonner-toast][data-invert=true]{--normal-bg:#000;--normal-border:hsl(0, 0%, 20%);--normal-text:var(--gray1)}[data-sonner-toaster][data-sonner-theme=dark] [data-sonner-toast][data-invert=true]{--normal-bg:#fff;--normal-border:var(--gray3);--normal-text:var(--gray12)}[data-sonner-toaster][data-sonner-theme=dark]{--normal-bg:#000;--normal-bg-hover:hsl(0, 0%, 12%);--normal-border:hsl(0, 0%, 20%);--normal-border-hover:hsl(0, 0%, 25%);--normal-text:var(--gray1);--success-bg:hsl(150, 100%, 6%);--success-border:hsl(147, 100%, 12%);--success-text:hsl(150, 86%, 65%);--info-bg:hsl(215, 100%, 6%);--info-border:hsl(223, 43%, 17%);--info-text:hsl(216, 87%, 65%);--warning-bg:hsl(64, 100%, 6%);--warning-border:hsl(60, 100%, 9%);--warning-text:hsl(46, 87%, 65%);--error-bg:hsl(358, 76%, 10%);--error-border:hsl(357, 89%, 16%);--error-text:hsl(358, 100%, 81%)}[data-sonner-toaster][data-sonner-theme=dark] [data-sonner-toast] [data-close-button]{background:var(--normal-bg);border-color:var(--normal-border);color:var(--normal-text)}[data-sonner-toaster][data-sonner-theme=dark] [data-sonner-toast] [data-close-button]:hover{background:var(--normal-bg-hover);border-color:var(--normal-border-hover)}[data-rich-colors=true][data-sonner-toast][data-type=success]{background:var(--success-bg);border-color:var(--success-border);color:var(--success-text)}[data-rich-colors=true][data-sonner-toast][data-type=success] [data-close-button]{background:var(--success-bg);border-color:var(--success-border);color:var(--success-text)}[data-rich-colors=true][data-sonner-toast][data-type=info]{background:var(--info-bg);border-color:var(--info-border);color:var(--info-text)}[data-rich-colors=true][data-sonner-toast][data-type=info] [data-close-button]{background:var(--info-bg);border-color:var(--info-border);color:var(--info-text)}[data-rich-colors=true][data-sonner-toast][data-type=warning]{background:var(--warning-bg);border-color:var(--warning-border);color:var(--warning-text)}[data-rich-colors=true][data-sonner-toast][data-type=warning] [data-close-button]{background:var(--warning-bg);border-color:var(--warning-border);color:var(--warning-text)}[data-rich-colors=true][data-sonner-toast][data-type=error]{background:var(--error-bg);border-color:var(--error-border);color:var(--error-text)}[data-rich-colors=true][data-sonner-toast][data-type=error] [data-close-button]{background:var(--error-bg);border-color:var(--error-border);color:var(--error-text)}.sonner-loading-wrapper{--size:16px;height:var(--size);width:var(--size);position:absolute;inset:0;z-index:10}.sonner-loading-wrapper[data-visible=false]{transform-origin:center;animation:sonner-fade-out .2s ease forwards}.sonner-spinner{position:relative;top:50%;left:50%;height:var(--size);width:var(--size)}.sonner-loading-bar{animation:sonner-spin 1.2s linear infinite;background:var(--gray11);border-radius:6px;height:8%;left:-10%;position:absolute;top:-3.9%;width:24%}.sonner-loading-bar:first-child{animation-delay:-1.2s;transform:rotate(.0001deg) translate(146%)}.sonner-loading-bar:nth-child(2){animation-delay:-1.1s;transform:rotate(30deg) translate(146%)}.sonner-loading-bar:nth-child(3){animation-delay:-1s;transform:rotate(60deg) translate(146%)}.sonner-loading-bar:nth-child(4){animation-delay:-.9s;transform:rotate(90deg) translate(146%)}.sonner-loading-bar:nth-child(5){animation-delay:-.8s;transform:rotate(120deg) translate(146%)}.sonner-loading-bar:nth-child(6){animation-delay:-.7s;transform:rotate(150deg) translate(146%)}.sonner-loading-bar:nth-child(7){animation-delay:-.6s;transform:rotate(180deg) translate(146%)}.sonner-loading-bar:nth-child(8){animation-delay:-.5s;transform:rotate(210deg) translate(146%)}.sonner-loading-bar:nth-child(9){animation-delay:-.4s;transform:rotate(240deg) translate(146%)}.sonner-loading-bar:nth-child(10){animation-delay:-.3s;transform:rotate(270deg) translate(146%)}.sonner-loading-bar:nth-child(11){animation-delay:-.2s;transform:rotate(300deg) translate(146%)}.sonner-loading-bar:nth-child(12){animation-delay:-.1s;transform:rotate(330deg) translate(146%)}@keyframes sonner-fade-in{0%{opacity:0;transform:scale(.8)}100%{opacity:1;transform:scale(1)}}@keyframes sonner-fade-out{0%{opacity:1;transform:scale(1)}100%{opacity:0;transform:scale(.8)}}@keyframes sonner-spin{0%{opacity:1}100%{opacity:.15}}@media (prefers-reduced-motion){.sonner-loading-bar,[data-sonner-toast],[data-sonner-toast]>*{transition:none!important;animation:none!important}}.sonner-loader{position:absolute;top:50%;left:50%;transform:translate(-50%,-50%);transform-origin:center;transition:opacity .2s,transform .2s}.sonner-loader[data-visible=false]{opacity:0;transform:scale(.8) translate(-50%,-50%)}</style><script src=\"/_next/static/chunks/%5Bturbopack%5D_browser_dev_hmr-client_hmr-client_ts_c8c997ce._.js\"></script><script src=\"/_next/static/chunks/%5Bturbopack%5D_browser_dev_hmr-client_hmr-client_ts_285433b7._.js\"></script><link rel=\"preload\" as=\"image\" imagesrcset=\"/_next/image?url=%2Fchef_tony_avatar.png&amp;w=16&amp;q=75 16w, /_next/image?url=%2Fchef_tony_avatar.png&amp;w=32&amp;q=75 32w, /_next/image?url=%2Fchef_tony_avatar.png&amp;w=48&amp;q=75 48w, /_next/image?url=%2Fchef_tony_avatar.png&amp;w=64&amp;q=75 64w, /_next/image?url=%2Fchef_tony_avatar.png&amp;w=96&amp;q=75 96w, /_next/image?url=%2Fchef_tony_avatar.png&amp;w=128&amp;q=75 128w, /_next/image?url=%2Fchef_tony_avatar.png&amp;w=256&amp;q=75 256w, /_next/image?url=%2Fchef_tony_avatar.png&amp;w=384&amp;q=75 384w, /_next/image?url=%2Fchef_tony_avatar.png&amp;w=640&amp;q=75 640w, /_next/image?url=%2Fchef_tony_avatar.png&amp;w=750&amp;q=75 750w, /_next/image?url=%2Fchef_tony_avatar.png&amp;w=828&amp;q=75 828w, /_next/image?url=%2Fchef_tony_avatar.png&amp;w=1080&amp;q=75 1080w, /_next/image?url=%2Fchef_tony_avatar.png&amp;w=1200&amp;q=75 1200w, /_next/image?url=%2Fchef_tony_avatar.png&amp;w=1920&amp;q=75 1920w, /_next/image?url=%2Fchef_tony_avatar.png&amp;w=2048&amp;q=75 2048w, /_next/image?url=%2Fchef_tony_avatar.png&amp;w=3840&amp;q=75 3840w\" imagesizes=\"(max-width: 768px) 192px, 192px\"></head><body class=\"geist_a71539c9-module__T19VSG__variable geist_mono_8d43a2aa-module__8Li5zG__variable font-sans min-h-screen flex flex-col antialiased\"><div hidden=\"\"><!--$--><!--/$--></div><header class=\"bg-white/90 backdrop-blur-sm border-b border-orange-200 sticky top-0 z-50\"><div class=\"container mx-auto px-4 py-4\"><div class=\"flex justify-between items-center\"><div class=\"flex items-center space-x-4\"><a class=\"flex items-center space-x-2 hover:opacity-80 transition-opacity\" href=\"/\"><div class=\"w-8 h-8 bg-gradient-to-br from-orange-400 to-orange-600 rounded-full flex items-center justify-center\"><svg xmlns=\"http://www.w3.org/2000/svg\" width=\"24\" height=\"24\" viewBox=\"0 0 24 24\" fill=\"none\" stroke=\"currentColor\" stroke-width=\"2\" stroke-linecap=\"round\" stroke-linejoin=\"round\" class=\"lucide lucide-chef-hat w-5 h-5 text-white\"><path d=\"M17 21a1 1 0 0 0 1-1v-5.35c0-.457.316-.844.727-1.041a4 4 0 0 0-2.134-7.589 5 5 0 0 0-9.186 0 4 4 0 0 0-2.134 7.588c.411.198.727.585.727 1.041V20a1 1 0 0 0 1 1Z\"></path><path d=\"M6 17h12\"></path></svg></div><span class=\"text-orange-900 font-semibold\">Recipe Chef</span></a></div><div class=\"flex items-center space-x-4\"><div class=\"flex items-center space-x-2\"><button class=\"inline-flex items-center justify-center whitespace-nowrap text-sm font-medium ring-offset-background transition-colors focus-visible:outline-none focus-visible:ring-2 focus-visible:ring-ring focus-visible:ring-offset-2 disabled:pointer-events-none disabled:opacity-50 border bg-background hover:text-accent-foreground h-9 rounded-md px-3 border-orange-300 text-orange-700 hover:bg-orange-50\">Sign In</button><button class=\"inline-flex items-center justify-center whitespace-nowrap text-sm font-medium ring-offset-background transition-colors focus-visible:outline-none focus-visible:ring-2 focus-visible:ring-ring focus-visible:ring-offset-2 disabled:pointer-events-none disabled:opacity-50 h-9 rounded-md px-3 bg-orange-600 hover:bg-orange-700 text-white\">Start Trial</button></div></div></div></div></header><main class=\"flex-1\"><div class=\"min-h-screen\" style=\"background-color:#C6DBEF\"><div class=\"bg-gradient-to-r from-orange-500 to-orange-600 text-white \" style=\"opacity: 1; transform: none;\"><div class=\"container mx-auto px-4 py-2\"><div class=\"flex items-center justify-between\"><div class=\"flex items-center space-x-2\"><svg xmlns=\"http://www.w3.org/2000/svg\" width=\"24\" height=\"24\" viewBox=\"0 0 24 24\" fill=\"none\" stroke=\"currentColor\" stroke-width=\"2\" stroke-linecap=\"round\" stroke-linejoin=\"round\" class=\"lucide lucide-sparkles w-4 h-4\"><path d=\"M9.937 15.5A2 2 0 0 0 8.5 14.063l-6.135-1.582a.5.5 0 0 1 0-.962L8.5 9.936A2 2 0 0 0 9.937 8.5l1.582-6.135a.5.5 0 0 1 .963 0L14.063 8.5A2 2 0 0 0 15.5 9.937l6.135 1.581a.5.5 0 0 1 0 .964L15.5 14.063a2 2 0 0 0-1.437 1.437l-1.582 6.135a.5.5 0 0 1-.963 0z\"></path><path d=\"M20 3v4\"></path><path d=\"M22 5h-4\"></path><path d=\"M4 17v2\"></path><path d=\"M5 18H3\"></path></svg><span class=\"text-sm font-medium\">Start your 14-day free trial</span></div><div class=\"flex items-center space-x-2\"><button class=\"inline-flex items-center justify-center whitespace-nowrap font-medium ring-offset-background transition-colors focus-visible:outline-none focus-visible:ring-2 focus-visible:ring-ring focus-visible:ring-offset-2 disabled:pointer-events-none disabled:opacity-50 h-9 rounded-md bg-white text-orange-600 hover:bg-orange-50 text-xs px-3 py-1\">Get Started</button><button class=\"text-orange-100 hover:text-white transition-colors\"><svg xmlns=\"http://www.w3.org/2000/svg\" width=\"24\" height=\"24\" viewBox=\"0 0 24 24\" fill=\"none\" stroke=\"currentColor\" stroke-width=\"2\" stroke-linecap=\"round\" stroke-linejoin=\"round\" class=\"lucide lucide-x w-4 h-4\"><path d=\"M18 6 6 18\"></path><path d=\"m6 6 12 12\"></path></svg></button></div></div></div></div><div class=\"container mx-auto px-4 py-8\"><div class=\"max-w-6xl mx-auto\"><div class=\"text-center mb-8\"><h1 class=\"text-4xl font-bold text-orange-900 mb-2\">Recipe Chef</h1><p class=\"text-orange-700 text-lg\">Your personal cooking assistant, ready to help with any recipe</p></div><div class=\"grid grid-cols-1 lg:grid-cols-2 gap-8\"><div class=\"flex flex-col space-y-6\"><div class=\"rounded-lg border text-card-foreground shadow-sm p-6 bg-white/80 backdrop-blur-sm border-orange-200 relative\"><div class=\"text-center\"><div class=\"flex flex-col items-center space-y-4 mx-auto\"><div class=\"relative\" style=\"transform: rotate(0.494507deg);\"><div class=\"relative w-48 h-48 rounded-full overflow-hidden shadow-lg\"><img alt=\"Chef Tony\" decoding=\"async\" data-nimg=\"fill\" class=\"object-cover\" sizes=\"(max-width: 768px) 192px, 192px\" srcset=\"/_next/image?url=%2Fchef_tony_avatar.png&amp;w=16&amp;q=75 16w, /_next/image?url=%2Fchef_tony_avatar.png&amp;w=32&amp;q=75 32w, /_next/image?url=%2Fchef_tony_avatar.png&amp;w=48&amp;q=75 48w, /_next/image?url=%2Fchef_tony_avatar.png&amp;w=64&amp;q=75 64w, /_next/image?url=%2Fchef_tony_avatar.png&amp;w=96&amp;q=75 96w, /_next/image?url=%2Fchef_tony_avatar.png&amp;w=128&amp;q=75 128w, /_next/image?url=%2Fchef_tony_avatar.png&amp;w=256&amp;q=75 256w, /_next/image?url=%2Fchef_tony_avatar.png&amp;w=384&amp;q=75 384w, /_next/image?url=%2Fchef_tony_avatar.png&amp;w=640&amp;q=75 640w, /_next/image?url=%2Fchef_tony_avatar.png&amp;w=750&amp;q=75 750w, /_next/image?url=%2Fchef_tony_avatar.png&amp;w=828&amp;q=75 828w, /_next/image?url=%2Fchef_tony_avatar.png&amp;w=1080&amp;q=75 1080w, /_next/image?url=%2Fchef_tony_avatar.png&amp;w=1200&amp;q=75 1200w, /_next/image?url=%2Fchef_tony_avatar.png&amp;w=1920&amp;q=75 1920w, /_next/image?url=%2Fchef_tony_avatar.png&amp;w=2048&amp;q=75 2048w, /_next/image?url=%2Fchef_tony_avatar.png&amp;w=3840&amp;q=75 3840w\" src=\"/_next/image?url=%2Fchef_tony_avatar.png&amp;w=3840&amp;q=75\" style=\"position: absolute; height: 100%; width: 100%; inset: 0px; color: transparent;\"><div class=\"absolute inset-0 bg-black\" style=\"opacity: 0;\"></div></div></div><div class=\"bg-white rounded-lg shadow-lg p-4 max-w-xs relative border-2 border-orange-200\" style=\"opacity: 0; transform: scale(0.98922);\"><div class=\"absolute -bottom-2 left-1/2 transform -translate-x-1/2 w-0 h-0 border-l-4 border-r-4 border-t-4 border-l-transparent border-r-transparent border-t-orange-200\"></div><div class=\"space-y-2\"><p class=\"text-sm text-gray-700 font-medium\"><span class=\"text-orange-600\">💬</span> Bon appétit awaits! Welcome to your culinary journey!</p><p class=\"text-sm text-gray-600\"><span class=\"text-orange-500\">😄</span> What's a chef's favorite type of music? Heavy metal!</p></div></div><div class=\"bg-orange-50 border border-orange-200 rounded-lg p-3 max-w-sm\" style=\"opacity: 0; transform: translateY(10px);\"><div class=\"flex items-start space-x-2\"><span class=\"text-orange-500 text-lg\">💡</span><div><p class=\"text-xs font-semibold text-orange-700 mb-1\">Chef's Tip</p><p class=\"text-sm text-gray-700\">Salt early and often - it brings out the natural flavors!</p></div></div></div><button class=\"text-xs text-orange-500 hover:text-orange-600 transition-colors\">🔄 New messages</button></div></div></div></div><div class=\"flex flex-col\"><div class=\"rounded-lg border text-card-foreground shadow-sm p-6 bg-white/80 backdrop-blur-sm border-orange-200 h-full\"><div class=\"text-center mb-6\"><h2 class=\"text-2xl font-bold text-orange-900 mb-2\">Get Started with Recipe Chef</h2><p class=\"text-orange-700\">Sign up for your free trial and start organizing your recipes</p></div><div class=\"space-y-4\"><button class=\"inline-flex items-center justify-center whitespace-nowrap text-sm font-medium ring-offset-background transition-colors focus-visible:outline-none focus-visible:ring-2 focus-visible:ring-ring focus-visible:ring-offset-2 disabled:pointer-events-none disabled:opacity-50 text-primary-foreground h-11 rounded-md px-8 w-full bg-orange-600 hover:bg-orange-700 py-3\"><svg xmlns=\"http://www.w3.org/2000/svg\" width=\"24\" height=\"24\" viewBox=\"0 0 24 24\" fill=\"none\" stroke=\"currentColor\" stroke-width=\"2\" stroke-linecap=\"round\" stroke-linejoin=\"round\" class=\"lucide lucide-user-plus w-5 h-5 mr-2\"><path d=\"M16 21v-2a4 4 0 0 0-4-4H6a4 4 0 0 0-4 4v2\"></path><circle cx=\"9\" cy=\"7\" r=\"4\"></circle><line x1=\"19\" x2=\"19\" y1=\"8\" y2=\"14\"></line><line x1=\"22\" x2=\"16\" y1=\"11\" y2=\"11\"></line></svg>Start Free Trial</button><button class=\"inline-flex items-center justify-center whitespace-nowrap text-sm font-medium ring-offset-background transition-colors focus-visible:outline-none focus-visible:ring-2 focus-visible:ring-ring focus-visible:ring-offset-2 disabled:pointer-events-none disabled:opacity-50 border bg-background hover:text-accent-foreground h-11 rounded-md px-8 w-full border-orange-300 text-orange-700 hover:bg-orange-50 py-3\"><svg xmlns=\"http://www.w3.org/2000/svg\" width=\"24\" height=\"24\" viewBox=\"0 0 24 24\" fill=\"none\" stroke=\"currentColor\" stroke-width=\"2\" stroke-linecap=\"round\" stroke-linejoin=\"round\" class=\"lucide lucide-log-in w-5 h-5 mr-2\"><path d=\"M15 3h4a2 2 0 0 1 2 2v14a2 2 0 0 1-2 2h-4\"></path><polyline points=\"10 17 15 12 10 7\"></polyline><line x1=\"15\" x2=\"3\" y1=\"12\" y2=\"12\"></line></svg>Sign In</button></div><div class=\"mt-6 p-4 bg-orange-50 rounded-lg\"><h3 class=\"font-semibold text-orange-900 mb-2\">What you get:</h3><ul class=\"text-sm text-orange-700 space-y-1\"><li>• Unlimited recipe storage</li><li>• AI-powered recipe search</li><li>• Meal planning calendar</li><li>• Shopping list generation</li></ul></div></div></div></div></div></div></div><!--$--><!--/$--></main><footer class=\"bg-white/90 backdrop-blur-sm border-t border-orange-200 mt-auto\"><div class=\"container mx-auto px-4 py-8\"><div class=\"grid grid-cols-1 md:grid-cols-4 gap-8\"><div class=\"space-y-4\"><a class=\"flex items-center space-x-2 hover:opacity-80 transition-opacity\" href=\"/\"><div class=\"w-8 h-8 bg-gradient-to-br from-orange-400 to-orange-600 rounded-full flex items-center justify-center\"><svg xmlns=\"http://www.w3.org/2000/svg\" width=\"24\" height=\"24\" viewBox=\"0 0 24 24\" fill=\"none\" stroke=\"currentColor\" stroke-width=\"2\" stroke-linecap=\"round\" stroke-linejoin=\"round\" class=\"lucide lucide-chef-hat w-5 h-5 text-white\"><path d=\"M17 21a1 1 0 0 0 1-1v-5.35c0-.457.316-.844.727-1.041a4 4 0 0 0-2.134-7.589 5 5 0 0 0-9.186 0 4 4 0 0 0-2.134 7.588c.411.198.727.585.727 1.041V20a1 1 0 0 0 1 1Z\"></path><path d=\"M6 17h12\"></path></svg></div><span class=\"text-orange-900 font-semibold\">Recipe Chef</span></a><p class=\"text-sm text-orange-700\">Your personal culinary companion. Discover, create, and share amazing recipes.</p><div class=\"flex items-center space-x-1 text-sm text-orange-600\"><span>Made with</span><svg xmlns=\"http://www.w3.org/2000/svg\" width=\"24\" height=\"24\" viewBox=\"0 0 24 24\" fill=\"none\" stroke=\"currentColor\" stroke-width=\"2\" stroke-linecap=\"round\" stroke-linejoin=\"round\" class=\"lucide lucide-heart w-4 h-4 text-red-500 fill-current\"><path d=\"M19 14c1.49-1.46 3-3.21 3-5.5A5.5 5.5 0 0 0 16.5 3c-1.76 0-3 .5-4.5 2-1.5-1.5-2.74-2-4.5-2A5.5 5.5 0 0 0 2 8.5c0 2.3 1.5 4.05 3 5.5l7 7Z\"></path></svg><span>for food lovers</span></div></div><div class=\"space-y-4\"><h3 class=\"font-semibold text-orange-900\">Quick Links</h3><div class=\"space-y-2\"><a class=\"block text-sm text-orange-700 hover:text-orange-900 transition-colors\" href=\"/cookbook\">My Cookbook</a><a class=\"block text-sm text-orange-700 hover:text-orange-900 transition-colors\" href=\"/finder\">Recipe Finder</a><a class=\"block text-sm text-orange-700 hover:text-orange-900 transition-colors\" href=\"/calendar\">Menu Calendar</a><a class=\"block text-sm text-orange-700 hover:text-orange-900 transition-colors\" href=\"/add\">Add Recipe</a></div></div><div class=\"space-y-4\"><h3 class=\"font-semibold text-orange-900\">Account</h3><div class=\"space-y-2\"><a class=\"block text-sm text-orange-700 hover:text-orange-900 transition-colors\" href=\"/auth/signin\">Sign In</a><a class=\"block text-sm text-orange-700 hover:text-orange-900 transition-colors\" href=\"/auth/signup\">Start Free Trial</a><a class=\"block text-sm text-orange-700 hover:text-orange-900 transition-colors\" href=\"/pricing\">Pricing</a></div></div><div class=\"space-y-4\"><h3 class=\"font-semibold text-orange-900\">Admin</h3><p class=\"text-sm text-gray-500\">Admin tools are only visible to administrators.</p></div></div><div class=\"border-t border-orange-200 mt-8 pt-6 flex flex-col md:flex-row justify-between items-center space-y-4 md:space-y-0\"><div class=\"text-sm text-orange-600\">© <!-- -->2025<!-- --> Recipe Chef. All rights reserved.</div><div class=\"flex items-center space-x-4\"><a class=\"text-sm text-orange-700 hover:text-orange-900 transition-colors\" href=\"/privacy\">Privacy Policy</a><a class=\"text-sm text-orange-700 hover:text-orange-900 transition-colors\" href=\"/terms\">Terms of Service</a><div class=\"flex items-center space-x-2\"><svg xmlns=\"http://www.w3.org/2000/svg\" width=\"24\" height=\"24\" viewBox=\"0 0 24 24\" fill=\"none\" stroke=\"currentColor\" stroke-width=\"2\" stroke-linecap=\"round\" stroke-linejoin=\"round\" class=\"lucide lucide-mail w-4 h-4 text-orange-600\"><rect width=\"20\" height=\"16\" x=\"2\" y=\"4\" rx=\"2\"></rect><path d=\"m22 7-8.97 5.7a1.94 1.94 0 0 1-2.06 0L2 7\"></path></svg><span class=\"text-sm text-orange-600\">support@recipechef.com</span></div></div></div></div></footer><section aria-label=\"Notifications alt+T\" tabindex=\"-1\" aria-live=\"polite\" aria-relevant=\"additions text\" aria-atomic=\"false\"></section>[7m<script>[27mrequestAnimationFrame(function(){$RT=performance.now()});</script><script src=\"/_next/static/chunks/%5Bturbopack%5D_browser_dev_hmr-client_hmr-client_ts_57d40746._.js\" id=\"_R_\" async=\"\"></script><script>$RB=[];$RV=function(a){$RT=performance.now();for(var b=0;b<a.length;b+=2){var c=a[b],e=a[b+1];null!==e.parentNode&&e.parentNode.removeChild(e);var f=c.parentNode;if(f){var g=c.previousSibling,h=0;do{if(c&&8===c.nodeType){var d=c.data;if(\"/$\"===d||\"/&\"===d)if(0===h)break;else h--;else\"$\"!==d&&\"$?\"!==d&&\"$~\"!==d&&\"$!\"!==d&&\"&\"!==d||h++}d=c.nextSibling;f.removeChild(c);c=d}while(c);for(;e.firstChild;)f.insertBefore(e.firstChild,c);g.data=\"$\";g._reactRetry&&requestAnimationFrame(g._reactRetry)}}a.length=0};[39m
    [31m$RC=function(a,b){if(b=document.getElementById(b))(a=document.getElementById(a))?(a.previousSibling.data=\"$~\",$RB.push(a,b),2===$RB.length&&(\"number\"!==typeof $RT?requestAnimationFrame($RV.bind(null,$RB)):(a=performance.now(),setTimeout($RV.bind(null,$RB),2300>a&&2E3<a?2300-a:$RT+300-a)))):b.parentNode.removeChild(b)};$RC(\"B:1\",\"S:1\")</script><title>Recipe Chef - Your Personal Recipe Manager</title><meta name=\"description\" content=\"Organize, discover, and manage your recipes with AI-powered search and smart meal planning.\"><meta name=\"author\" content=\"Recipe Chef\"><link rel=\"manifest\" href=\"/manifest.json\"><meta name=\"keywords\" content=\"recipes,cooking,meal planning,recipe manager,chef\"><meta name=\"creator\" content=\"Recipe Chef\"><meta name=\"publisher\" content=\"Recipe Chef\"><meta name=\"robots\" content=\"index, follow\"><meta name=\"googlebot\" content=\"index, follow, max-video-preview:-1, max-image-preview:large, max-snippet:-1\"><meta name=\"format-detection\" content=\"telephone=no, address=no, email=no\"><meta property=\"og:title\" content=\"Recipe Chef - Your Personal Recipe Manager\"><meta property=\"og:description\" content=\"Organize, discover, and manage your recipes with AI-powered search and smart meal planning.\"><meta property=\"og:url\" content=\"http://localhost:3002\"><meta property=\"og:site_name\" content=\"Recipe Chef\"><meta property=\"og:locale\" content=\"en_US\"><meta property=\"og:type\" content=\"website\"><meta name=\"twitter:card\" content=\"summary_large_image\"><meta name=\"twitter:title\" content=\"Recipe Chef - Your Personal Recipe Manager\"><meta name=\"twitter:description\" content=\"Organize, discover, and manage your recipes with AI-powered search and smart meal planning.\"><script>document.querySelectorAll('body link[rel=\"icon\"], body link[rel=\"apple-touch-icon\"]').forEach(el => document.head.appendChild(el))</script><script>$RC(\"B:0\",\"S:0\")</script><script>(self.__next_f=self.__next_f||[]).push([0])</script><script>self.__next_f.push([1,\"7:I[\\\"[project]/node_modules/next/dist/next-devtools/userspace/app/segment-explorer-node.js [app-client] (ecmascript)\\\",[\\\"/_next/static/chunks/node_modules_%40supabase_node-fetch_browser_ebbd8575.js\\\",\\\"/_next/static/chunks/src_6e6db64b._.js\\\",\\\"/_next/static/chunks/node_modules_next_79493236._.js\\\",\\\"/_next/static/chunks/node_modules_motion-dom_dist_es_da948acf._.js\\\",\\\"/_next/static/chunks/node_modules_framer-motion_dist_es_fdd5ade6._.js\\\",\\\"/_next/static/chunks/node_modules_%40supabase_auth-js_dist_module_d12e0176._.js\\\",\\\"/_next/static/chunks/node_modules_465cf5ed._.js\\\",\\\"/_next/static/chunks/src_app_layout_tsx_0a548d63._.js\\\"],\\\"SegmentViewNode\\\"]\\n9:\\\"$Sreact.fragment\\\"\\n22:I[\\\"[project]/src/components/layout/header.tsx [app-client] (ecmascript)\\\",[\\\"/_next/static/chunks/node_modules_%40supabase_node-fetch_browser_ebbd8575.js\\\",\\\"/_next/static/chunks/src_6e6db64b._.js\\\",\\\"/_next/static/chunks/node_modules_next_79493236._.js\\\",\\\"/_next/static/chunks/node_modules_motion-dom_dist_es_da948acf._.js\\\",\\\"/_next/static/chunks/node_modules_framer-motion_dist_es_fdd5ade6._.js\\\",\\\"/_next/static/chunks/node_modules_%40supabase_auth-js_dist_module_d12e0176._.js\\\",\\\"/_next/static/chunks/node_modules_465cf5ed._.js\\\",\\\"/_next/static/chunks/src_app_layout_tsx_0a548d63._.js\\\"],\\\"Header\\\"]\\n25:I[\\\"[project]/node_modules/next/dist/client/components/layout-router.js [app-client] (ecmascript)\\\",[\\\"/_next/static/chunks/node_modules_%40supabase_node-fetch_browser_ebbd8575.js\\\",\\\"/_next/static/chunks/src_6e6db64b._.js\\\",\\\"/_next/static/chunks/node_modules_next_79493236._.js\\\",\\\"/_next/static/chunks/node_modules_motion-dom_dist_es_da948acf._.js\\\",\\\"/_next/static/chunks/node_modules_framer-motion_dist_es_fdd5ade6._.js\\\",\\\"/_next/static/chunks/node_modules_%40supabase_auth-js_dist_module_d12e0176._.js\\\",\\\"/_next/static/chunks/node_modules_465cf5ed._.js\\\",\\\"/_next/static/chunks/src_app_layout_tsx_0a548d63._.js\\\"],\\\"default\\\"]\\n27:I[\\\"[project]/node_modules/next/dist/client/components/render-from-template-context.js [app-client] (ecmascript)\\\",[\\\"/_next/static/chunks/node_modules_%40supabase_node-fetch\"])</script><script>self.__next_f.push([1,\"_browser_ebbd8575.js\\\",\\\"/_next/static/chunks/src_6e6db64b._.js\\\",\\\"/_next/static/chunks/node_modules_next_79493236._.js\\\",\\\"/_next/static/chunks/node_modules_motion-dom_dist_es_da948acf._.js\\\",\\\"/_next/static/chunks/node_modules_framer-motion_dist_es_fdd5ade6._.js\\\",\\\"/_next/static/chunks/node_modules_%40supabase_auth-js_dist_module_d12e0176._.js\\\",\\\"/_next/static/chunks/node_modules_465cf5ed._.js\\\",\\\"/_next/static/chunks/src_app_layout_tsx_0a548d63._.js\\\"],\\\"default\\\"]\\n36:I[\\\"[project]/src/components/layout/footer.tsx [app-client] (ecmascript)\\\",[\\\"/_next/static/chunks/node_modules_%40supabase_node-fetch_browser_ebbd8575.js\\\",\\\"/_next/static/chunks/src_6e6db64b._.js\\\",\\\"/_next/static/chunks/node_modules_next_79493236._.js\\\",\\\"/_next/static/chunks/node_modules_motion-dom_dist_es_da948acf._.js\\\",\\\"/_next/static/chunks/node_modules_framer-motion_dist_es_fdd5ade6._.js\\\",\\\"/_next/static/chunks/node_modules_%40supabase_auth-js_dist_module_d12e0176._.js\\\",\\\"/_next/static/chunks/node_modules_465cf5ed._.js\\\",\\\"/_next/static/chunks/src_app_layout_tsx_0a548d63._.js\\\"],\\\"Footer\\\"]\\n38:I[\\\"[project]/src/components/pwa/offline-indicator.tsx [app-client] (ecmascript)\\\",[\\\"/_next/static/chunks/node_modules_%40supabase_node-fetch_browser_ebbd8575.js\\\",\\\"/_next/static/chunks/src_6e6db64b._.js\\\",\\\"/_next/static/chunks/node_modules_next_79493236._.js\\\",\\\"/_next/static/chunks/node_modules_motion-dom_dist_es_da948acf._.js\\\",\\\"/_next/static/chunks/node_modules_framer-motion_dist_es_fdd5ade6._.js\\\",\\\"/_next/static/chunks/node_modules_%40supabase_auth-js_dist_module_d12e0176._.js\\\",\\\"/_next/static/chunks/node_modules_465cf5ed._.js\\\",\\\"/_next/static/chunks/src_app_layout_tsx_0a548d63._.js\\\"],\\\"OfflineIndicator\\\"]\\n3a:I[\\\"[project]/src/components/pwa/install-prompt.tsx [app-client] (ecmascript)\\\",[\\\"/_next/static/chunks/node_modules_%40supabase_node-fetch_browser_ebbd8575.js\\\",\\\"/_next/static/chunks/src_6e6db64b._.js\\\",\\\"/_next/static/chunks/node_modules_next_79493236._.js\\\",\\\"/_next/static/chunks/node_modules_motion-dom_dist_es_da948acf._.js\\\",\\\"/_next/static/chunks/node_modules_framer-motion_dist_es_fdd5\"])</script><script>self.__next_f.push([1,\"ade6._.js\\\",\\\"/_next/static/chunks/node_modules_%40supabase_auth-js_dist_module_d12e0176._.js\\\",\\\"/_next/static/chunks/node_modules_465cf5ed._.js\\\",\\\"/_next/static/chunks/src_app_layout_tsx_0a548d63._.js\\\"],\\\"InstallPrompt\\\"]\\n3c:I[\\\"[project]/node_modules/sonner/dist/index.mjs [app-client] (ecmascript)\\\",[\\\"/_next/static/chunks/node_modules_%40supabase_node-fetch_browser_ebbd8575.js\\\",\\\"/_next/static/chunks/src_6e6db64b._.js\\\",\\\"/_next/static/chunks/node_modules_next_79493236._.js\\\",\\\"/_next/static/chunks/node_modules_motion-dom_dist_es_da948acf._.js\\\",\\\"/_next/static/chunks/node_modules_framer-motion_dist_es_fdd5ade6._.js\\\",\\\"/_next/static/chunks/node_modules_%40supabase_auth-js_dist_module_d12e0176._.js\\\",\\\"/_next/static/chunks/node_modules_465cf5ed._.js\\\",\\\"/_next/static/chunks/src_app_layout_tsx_0a548d63._.js\\\"],\\\"Toaster\\\"]\\n40:I[\\\"[project]/node_modules/next/dist/client/components/client-page.js [app-client] (ecmascript)\\\",[\\\"/_next/static/chunks/node_modules_%40supabase_node-fetch_browser_ebbd8575.js\\\",\\\"/_next/static/chunks/src_6e6db64b._.js\\\",\\\"/_next/static/chunks/node_modules_next_79493236._.js\\\",\\\"/_next/static/chunks/node_modules_motion-dom_dist_es_da948acf._.js\\\",\\\"/_next/static/chunks/node_modules_framer-motion_dist_es_fdd5ade6._.js\\\",\\\"/_next/static/chunks/node_modules_%40supabase_auth-js_dist_module_d12e0176._.js\\\",\\\"/_next/static/chunks/node_modules_465cf5ed._.js\\\",\\\"/_next/static/chunks/src_app_layout_tsx_0a548d63._.js\\\"],\\\"ClientPageRoot\\\"]\\n\"])</script><script>self.__next_f.push([1,\"41:I[\\\"[project]/src/app/page.tsx [app-client] (ecmascript)\\\",[\\\"/_next/static/chunks/node_modules_%40supabase_node-fetch_browser_ebbd8575.js\\\",\\\"/_next/static/chunks/src_6e6db64b._.js\\\",\\\"/_next/static/chunks/node_modules_next_79493236._.js\\\",\\\"/_next/static/chunks/node_modules_motion-dom_dist_es_da948acf._.js\\\",\\\"/_next/static/chunks/node_modules_framer-motion_dist_es_fdd5ade6._.js\\\",\\\"/_next/static/chunks/node_modules_%40supabase_auth-js_dist_module_d12e0176._.js\\\",\\\"/_next/static/chunks/node_modules_465cf5ed._.js\\\",\\\"/_next/static/chunks/src_app_layout_tsx_0a548d63._.js\\\",\\\"/_next/static/chunks/src_665178cf._.js\\\",\\\"/_next/static/chunks/node_modules_9e648a50._.js\\\",\\\"/_next/static/chunks/src_app_page_tsx_2a792671._.js\\\"],\\\"default\\\"]\\n\"])</script><script>self.__next_f.push([1,\"46:I[\\\"[project]/node_modules/next/dist/lib/framework/boundary-components.js [app-client] (ecmascript)\\\",[\\\"/_next/static/chunks/node_modules_%40supabase_node-fetch_browser_ebbd8575.js\\\",\\\"/_next/static/chunks/src_6e6db64b._.js\\\",\\\"/_next/static/chunks/node_modules_next_79493236._.js\\\",\\\"/_next/static/chunks/node_modules_motion-dom_dist_es_da948acf._.js\\\",\\\"/_next/static/chunks/node_modules_framer-motion_dist_es_fdd5ade6._.js\\\",\\\"/_next/static/chunks/node_modules_%40supabase_auth-js_dist_module_d12e0176._.js\\\",\\\"/_next/static/chunks/node_modules_465cf5ed._.js\\\",\\\"/_next/static/chunks/src_app_layout_tsx_0a548d63._.js\\\"],\\\"OutletBoundary\\\"]\\n4d:I[\\\"[project]/node_modules/next/dist/client/components/metadata/async-metadata.js [app-client] (ecmascript)\\\",[\\\"/_next/static/chunks/node_modules_%40supabase_node-fetch_browser_ebbd8575.js\\\",\\\"/_next/static/chunks/src_6e6db64b._.js\\\",\\\"/_next/static/chunks/node_modules_next_79493236._.js\\\",\\\"/_next/static/chunks/node_modules_motion-dom_dist_es_da948acf._.js\\\",\\\"/_next/static/chunks/node_modules_framer-motion_dist_es_fdd5ade6._.js\\\",\\\"/_next/static/chunks/node_modules_%40supabase_auth-js_dist_module_d12e0176._.js\\\",\\\"/_next/static/chunks/node_modules_465cf5ed._.js\\\",\\\"/_next/static/chunks/src_app_layout_tsx_0a548d63._.js\\\"],\\\"AsyncMetadataOutlet\\\"]\\n55:I[\\\"[project]/node_modules/next/dist/lib/framework/boundary-components.js [app-client] (ecmascript)\\\",[\\\"/_next/static/chunks/node_modules_%40supabase_node-fetch_browser_ebbd8575.js\\\",\\\"/_next/static/chunks/src_6e6db64b._.js\\\",\\\"/_next/static/chunks/node_modules_next_79493236._.js\\\",\\\"/_next/static/chunks/node_modules_motion-dom_dist_es_da948acf._.js\\\",\\\"/_next/static/chunks/node_modules_framer-motion_dist_es_fdd5ade6._.js\\\",\\\"/_next/static/chunks/node_modules_%40supabase_auth-js_dist_module_d12e0176._.js\\\",\\\"/_next/static/chunks/node_modules_465cf5ed._.js\\\",\\\"/_next/static/chunks/src_app_layout_tsx_0a548d63._.js\\\"],\\\"ViewportBoundary\\\"]\\n5c:I[\\\"[project]/node_modules/next/dist/lib/framework/boundary-components.js [app-client] (ecmascript)\\\",[\\\"/_next/static/chunks/node_modules_%40supabase_n\"])</script><script>self.__next_f.push([1,\"ode-fetch_browser_ebbd8575.js\\\",\\\"/_next/static/chunks/src_6e6db64b._.js\\\",\\\"/_next/static/chunks/node_modules_next_79493236._.js\\\",\\\"/_next/static/chunks/node_modules_motion-dom_dist_es_da948acf._.js\\\",\\\"/_next/static/chunks/node_modules_framer-motion_dist_es_fdd5ade6._.js\\\",\\\"/_next/static/chunks/node_modules_%40supabase_auth-js_dist_module_d12e0176._.js\\\",\\\"/_next/static/chunks/node_modules_465cf5ed._.js\\\",\\\"/_next/static/chunks/src_app_layout_tsx_0a548d63._.js\\\"],\\\"MetadataBoundary\\\"]\\n61:\\\"$Sreact.suspense\\\"\\n\"])</script><script>self.__next_f.push([1,\"65:I[\\\"[project]/node_modules/next/dist/client/components/builtin/global-error.js [app-client] (ecmascript)\\\",[\\\"/_next/static/chunks/node_modules_%40supabase_node-fetch_browser_ebbd8575.js\\\",\\\"/_next/static/chunks/src_6e6db64b._.js\\\",\\\"/_next/static/chunks/node_modules_next_79493236._.js\\\",\\\"/_next/static/chunks/node_modules_motion-dom_dist_es_da948acf._.js\\\",\\\"/_next/static/chunks/node_modules_framer-motion_dist_es_fdd5ade6._.js\\\",\\\"/_next/static/chunks/node_modules_%40supabase_auth-js_dist_module_d12e0176._.js\\\",\\\"/_next/static/chunks/node_modules_465cf5ed._.js\\\",\\\"/_next/static/chunks/src_app_layout_tsx_0a548d63._.js\\\",\\\"/_next/static/chunks/node_modules_next_dist_client_components_builtin_global-error_2a792671.js\\\"],\\\"default\\\"]\\n\"])</script><script>self.__next_f.push([1,\"80:I[\\\"[project]/node_modules/next/dist/lib/metadata/generate/icon-mark.js [app-client] (ecmascript)\\\",[\\\"/_next/static/chunks/node_modules_%40supabase_node-fetch_browser_ebbd8575.js\\\",\\\"/_next/static/chunks/src_6e6db64b._.js\\\",\\\"/_next/static/chunks/node_modules_next_79493236._.js\\\",\\\"/_next/static/chunks/node_modules_motion-dom_dist_es_da948acf._.js\\\",\\\"/_next/static/chunks/node_modules_framer-motion_dist_es_fdd5ade6._.js\\\",\\\"/_next/static/chunks/node_modules_%40supabase_auth-js_dist_module_d12e0176._.js\\\",\\\"/_next/static/chunks/node_modules_465cf5ed._.js\\\",\\\"/_next/static/chunks/src_app_layout_tsx_0a548d63._.js\\\"],\\\"IconMark\\\"]\\n:HL[\\\"/_next/static/chunks/%5Broot-of-the-server%5D__0f0ba101._.css\\\",\\\"style\\\"]\\n:HL[\\\"/_next/static/media/797e433ab948586e-s.p.dbea232f.woff2\\\",\\\"font\\\",{\\\"crossOrigin\\\":\\\"\\\",\\\"type\\\":\\\"font/woff2\\\"}]\\n:HL[\\\"/_next/static/media/caa3a2e1cccd8315-s.p.853070df.woff2\\\",\\\"font\\\",{\\\"crossOrigin\\\":\\\"\\\",\\\"type\\\":\\\"font/woff2\\\"}]\\n:N1760198366209.995\\n3:\\\"$EObject.defineProperty(()=\\u003e{ctx.componentMod.preloadStyle(fullHref,ctx.renderOpts.crossOrigin,ctx.nonce)},\\\\\\\"name\\\\\\\",{value:\\\\\\\"\\\\\\\"})\\\"\\n4:\\\"$EObject.defineProperty(()=\\u003e{ctx.componentMod.preloadFont(href,type,ctx.renderOpts.crossOrigin,ctx.nonce)},\\\\\\\"name\\\\\\\",{value:\\\\\\\"\\\\\\\"})\\\"\\n5:\\\"$EObject.defineProperty(()=\\u003e{ctx.componentMod.preloadFont(href,type,ctx.renderOpts.crossOrigin,ctx.nonce)},\\\\\\\"name\\\\\\\",{value:\\\\\\\"\\\\\\\"})\\\"\\n2:{\\\"name\\\":\\\"Preloads\\\",\\\"key\\\":null,\\\"env\\\":\\\"Server\\\",\\\"stack\\\":[],\\\"props\\\":{\\\"preloadCallbacks\\\":[\\\"$3\\\",\\\"$4\\\",\\\"$5\\\"]}}\\n6:[]\\n8:[]\\na:[[\\\"Array.map\\\",\\\"\\\",0,0,0,0,false]]\\nb:[[\\\"Array.map\\\",\\\"\\\",0,0,0,0,false]]\\nc:[[\\\"Array.map\\\",\\\"\\\",0,0,0,0,false]]\\nd:[[\\\"Array.map\\\",\\\"\\\",0,0,0,0,false]]\\ne:[[\\\"Array.map\\\",\\\"\\\",0,0,0,0,false]]\\nf:[[\\\"Array.map\\\",\\\"\\\",0,0,0,0,false]]\\n10:[[\\\"Array.map\\\",\\\"\\\",0,0,0,0,false]]\\n11:[[\\\"Array.map\\\",\\\"\\\",0,0,0,0,false]]\\n12:[[\\\"Array.map\\\",\\\"\\\",0,0,0,0,false]]\\n15:I[\\\"[project]/node_modules/next/dist/client/components/layout-router.js [app-client] (ecmascript)\\\",[\\\"/_next/static/chunks/node_modules_%40supabase_node-fetch_browser_ebbd8575.js\\\",\\\"/_next/static/chunks/src_6e6db64b._.js\\\",\\\"/_next/static/chunks/node_modules_next_79493236._.js\\\",\\\"/\"])</script><script>self.__next_f.push([1,\"_next/static/chunks/node_modules_motion-dom_dist_es_da948acf._.js\\\",\\\"/_next/static/chunks/node_modules_framer-motion_dist_es_fdd5ade6._.js\\\",\\\"/_next/static/chunks/node_modules_%40supabase_auth-js_dist_module_d12e0176._.js\\\",\\\"/_next/static/chunks/node_modules_465cf5ed._.js\\\",\\\"/_next/static/chunks/src_app_layout_tsx_0a548d63._.js\\\"],\\\"default\\\"]\\n18:I[\\\"[project]/node_modules/next/dist/client/components/render-from-template-context.js [app-client] (ecmascript)\\\",[\\\"/_next/static/chunks/node_modules_%40supabase_node-fetch_browser_ebbd8575.js\\\",\\\"/_next/static/chunks/src_6e6db64b._.js\\\",\\\"/_next/static/chunks/node_modules_next_79493236._.js\\\",\\\"/_next/static/chunks/node_modules_motion-dom_dist_es_da948acf._.js\\\",\\\"/_next/static/chunks/node_modules_framer-motion_dist_es_fdd5ade6._.js\\\",\\\"/_next/static/chunks/node_modules_%40supabase_auth-js_dist_module_d12e0176._.js\\\",\\\"/_next/static/chunks/node_modules_465cf5ed._.js\\\",\\\"/_next/static/chunks/src_app_layout_tsx_0a548d63._.js\\\"],\\\"default\\\"]\\n19:{}\\n1a:[[\\\"Promise.all\\\",\\\"\\\",0,0,0,0,true]]\\n17:{\\\"children\\\":[\\\"$\\\",\\\"$L18\\\",null,\\\"$19\\\",null,\\\"$1a\\\",1]}\\n1b:[[\\\"Promise.all\\\",\\\"\\\",0,0,0,0,true]]\\n16:{\\\"parallelRouterKey\\\":\\\"children\\\",\\\"error\\\":\\\"$undefined\\\",\\\"errorStyles\\\":\\\"$undefined\\\",\\\"errorScripts\\\":\\\"$undefined\\\",\\\"template\\\":[\\\"$\\\",\\\"$9\\\",null,\\\"$17\\\",null,\\\"$1b\\\",0],\\\"templateStyles\\\":\\\"$undefined\\\",\\\"templateScripts\\\":\\\"$undefined\\\",\\\"notFound\\\":\\\"$Y\\\",\\\"forbidden\\\":\\\"$undefined\\\",\\\"unauthorized\\\":\\\"$undefined\\\",\\\"segmentViewBoundaries\\\":\\\"$Y\\\"}\\n1c:[[\\\"Promise.all\\\",\\\"\\\",0,0,0,0,true]]\\n14:{\\\"name\\\":\\\"RootLayout\\\",\\\"key\\\":null,\\\"env\\\":\\\"Server\\\",\\\"stack\\\":[],\\\"props\\\":{\\\"children\\\":[\\\"$\\\",\\\"$L15\\\",null,\\\"$16\\\",null,\\\"$1c\\\",1],\\\"params\\\":\\\"$Y\\\"}}\\n1d:[[\\\"RootLayout\\\",\\\"/Users/josephvaleri/recipe-chef/.next/server/chunks/ssr/[root-of-the-server]__fc8ce30e._.js\\\",282,263,281,1,false]]\\n1e:[[\\\"RootLayout\\\",\\\"/Users/josephvaleri/recipe-chef/.next/server/chunks/ssr/[root-of-the-server]__fc8ce30e._.js\\\",285,264,281,1,false]]\\n1f:[[\\\"RootLayout\\\",\\\"/Users/josephvaleri/recipe-chef/.next/server/chunks/ssr/[root-of-the-server]__fc8ce30e._.js\\\",286,278,281,1,false]]\\n20:[[\\\"RootLayout\\\",\\\"/Users/josephvaleri/recipe-chef/.n\"])</script><script>self.__next_f.push([1,\"ext/server/chunks/ssr/[root-of-the-server]__fc8ce30e._.js\\\",301,264,281,1,false]]\\n21:[[\\\"RootLayout\\\",\\\"/Users/josephvaleri/recipe-chef/.next/server/chunks/ssr/[root-of-the-server]__fc8ce30e._.js\\\",304,272,281,1,false]]\\n23:[[\\\"RootLayout\\\",\\\"/Users/josephvaleri/recipe-chef/.next/server/chunks/ssr/[root-of-the-server]__fc8ce30e._.js\\\",309,272,281,1,false]]\\n24:[[\\\"Promise.all\\\",\\\"\\\",0,0,0,0,true]]\\n26:[[\\\"Promise.all\\\",\\\"\\\",0,0,0,0,true]]\\n28:[]\\n2a:{\\\"name\\\":\\\"NotFound\\\",\\\"key\\\":null,\\\"env\\\":\\\"Server\\\",\\\"stack\\\":[],\\\"props\\\":{}}\\n2b:{\\\"name\\\":\\\"HTTPAccessErrorFallback\\\",\\\"key\\\":null,\\\"env\\\":\\\"Server\\\",\\\"owner\\\":\\\"$2a\\\",\\\"stack\\\":[],\\\"props\\\":{\\\"status\\\":404,\\\"message\\\":\\\"This page could not be found.\\\"}}\\n2c:[]\\n2d:[]\\n2e:[]\\n2f:[]\\n30:[]\\n31:[]\\n32:[]\\n33:[[\\\"Promise.all\\\",\\\"\\\",0,0,0,0,true]]\\n34:[[\\\"Promise.all\\\",\\\"\\\",0,0,0,0,true]]\\n35:[[\\\"RootLayout\\\",\\\"/Users/josephvaleri/recipe-chef/.next/server/chunks/ssr/[root-of-the-server]__fc8ce30e._.js\\\",317,272,281,1,false]]\\n37:[[\\\"RootLayout\\\",\\\"/Users/josephvaleri/recipe-chef/.next/server/chunks/ssr/[root-of-the-server]__fc8ce30e._.js\\\",322,272,281,1,false]]\\n39:[[\\\"RootLayout\\\",\\\"/Users/josephvaleri/recipe-chef/.next/server/chunks/ssr/[root-of-the-server]__fc8ce30e._.js\\\",327,272,281,1,false]]\\n3b:[[\\\"RootLayout\\\",\\\"/Users/josephvaleri/recipe-chef/.next/server/chunks/ssr/[root-of-the-server]__fc8ce30e._.js\\\",332,272,281,1,false]]\\n3d:[[\\\"Promise.all\\\",\\\"\\\",0,0,0,0,true]]\\n3e:[[\\\"Promise.all\\\",\\\"\\\",0,0,0,0,true]]\\n3f:[[\\\"Promise.all\\\",\\\"\\\",0,0,0,0,true]]\\n42:[[\\\"Array.map\\\",\\\"\\\",0,0,0,0,false],[\\\"Array.map\\\",\\\"\\\",0,0,0,0,false]]\\n43:[[\\\"Array.map\\\",\\\"\\\",0,0,0,0,false],[\\\"Array.map\\\",\\\"\\\",0,0,0,0,false]]\\n44:[[\\\"Array.map\\\",\\\"\\\",0,0,0,0,false],[\\\"Array.map\\\",\\\"\\\",0,0,0,0,false]]\\n45:[[\\\"Promise.all\\\",\\\"\\\",0,0,0,0,true]]\\n49:\\\"$EObject.defineProperty(async function getViewportReady() {\\\\n        await viewport();\\\\n        return undefined;\\\\n    },\\\\\\\"name\\\\\\\",{value:\\\\\\\"getViewportReady\\\\\\\"})\\\"\\n48:{\\\"name\\\":\\\"__next_outlet_boundary__\\\",\\\"key\\\":null,\\\"env\\\":\\\"Server\\\",\\\"stack\\\":[[\\\"Promise.all\\\",\\\"\\\",0,0,0,0,true]],\\\"props\\\":{\\\"ready\\\":\\\"$49\\\"}}\\n4b:{\\\"name\\\":\\\"StreamingMetadataOutletImpl\\\",\\\"key\\\":null,\\\"env\\\":\\\"Server\\\",\\\"stack\\\":[[\\\"Promise.all\\\",\\\"\\\",0,0\"])</script><script>self.__next_f.push([1,\",0,0,true]],\\\"props\\\":{}}\\n4c:[]\\n4f:[]\\n51:{\\\"name\\\":\\\"NonIndex\\\",\\\"key\\\":null,\\\"env\\\":\\\"Server\\\",\\\"stack\\\":[],\\\"props\\\":{\\\"pagePath\\\":\\\"/\\\",\\\"statusCode\\\":200,\\\"isPossibleServerAction\\\":false}}\\n53:{\\\"name\\\":\\\"ViewportTree\\\",\\\"key\\\":null,\\\"env\\\":\\\"Server\\\",\\\"stack\\\":[],\\\"props\\\":{}}\\n54:[]\\n57:{\\\"name\\\":\\\"__next_viewport_boundary__\\\",\\\"key\\\":null,\\\"env\\\":\\\"Server\\\",\\\"owner\\\":\\\"$53\\\",\\\"stack\\\":[],\\\"props\\\":{}}\\n58:[]\\n5a:{\\\"name\\\":\\\"MetadataTree\\\",\\\"key\\\":null,\\\"env\\\":\\\"Server\\\",\\\"stack\\\":[],\\\"props\\\":{}}\\n5b:[]\\n5e:{\\\"name\\\":\\\"__next_metadata_boundary__\\\",\\\"key\\\":null,\\\"env\\\":\\\"Server\\\",\\\"owner\\\":\\\"$5a\\\",\\\"stack\\\":[],\\\"props\\\":{}}\\n5f:[]\\n60:[]\\n63:{\\\"name\\\":\\\"MetadataResolver\\\",\\\"key\\\":null,\\\"env\\\":\\\"Server\\\",\\\"owner\\\":\\\"$5e\\\",\\\"stack\\\":[],\\\"props\\\":{}}\\n66:[]\\n67:[[\\\"Array.map\\\",\\\"\\\",0,0,0,0,false]]\\n68:[]\\n69:[]\\n6a:[]\\n6b:[]\\n6c:[[\\\"Array.map\\\",\\\"\\\",0,0,0,0,false]]\\n6d:[]\\n6e:[]\\n6f:[]\\n70:[]\\n71:[]\\n72:[]\\n73:[]\\n74:[]\\n75:[]\\n76:[]\\n77:[]\\n78:[]\\n79:[]\\n7a:[]\\n7b:[]\\n7c:[]\\n7d:[[\\\"Array.map\\\",\\\"\\\",0,0,0,0,false]]\\n7e:[[\\\"Array.map\\\",\\\"\\\",0,0,0,0,false]]\\n7f:[]\\n1:D\\\"$2\\\"\\n1:null\\n13:D\\\"$14\\\"\\n29:D\\\"$2a\\\"\\n29:D\\\"$2b\\\"\\n\"])</script><script>self.__next_f.push([1,\"29:[[\\\"$\\\",\\\"title\\\",null,{\\\"children\\\":\\\"404: This page could not be found.\\\"},\\\"$2b\\\",\\\"$2c\\\",1],[\\\"$\\\",\\\"div\\\",null,{\\\"style\\\":{\\\"fontFamily\\\":\\\"system-ui,\\\\\\\"Segoe UI\\\\\\\",Roboto,Helvetica,Arial,sans-serif,\\\\\\\"Apple Color Emoji\\\\\\\",\\\\\\\"Segoe UI Emoji\\\\\\\"\\\",\\\"height\\\":\\\"100vh\\\",\\\"textAlign\\\":\\\"center\\\",\\\"display\\\":\\\"flex\\\",\\\"flexDirection\\\":\\\"column\\\",\\\"alignItems\\\":\\\"center\\\",\\\"justifyContent\\\":\\\"center\\\"},\\\"children\\\":[\\\"$\\\",\\\"div\\\",null,{\\\"children\\\":[[\\\"$\\\",\\\"style\\\",null,{\\\"dangerouslySetInnerHTML\\\":{\\\"__html\\\":\\\"body{color:#000;background:#fff;margin:0}.next-error-h1{border-right:1px solid rgba(0,0,0,.3)}@media (prefers-color-scheme:dark){body{color:#fff;background:#000}.next-error-h1{border-right:1px solid rgba(255,255,255,.3)}}\\\"}},\\\"$2b\\\",\\\"$2f\\\",1],[\\\"$\\\",\\\"h1\\\",null,{\\\"className\\\":\\\"next-error-h1\\\",\\\"style\\\":{\\\"display\\\":\\\"inline-block\\\",\\\"margin\\\":\\\"0 20px 0 0\\\",\\\"padding\\\":\\\"0 23px 0 0\\\",\\\"fontSize\\\":24,\\\"fontWeight\\\":500,\\\"verticalAlign\\\":\\\"top\\\",\\\"lineHeight\\\":\\\"49px\\\"},\\\"children\\\":404},\\\"$2b\\\",\\\"$30\\\",1],[\\\"$\\\",\\\"div\\\",null,{\\\"style\\\":{\\\"display\\\":\\\"inline-block\\\"},\\\"children\\\":[\\\"$\\\",\\\"h2\\\",null,{\\\"style\\\":{\\\"fontSize\\\":14,\\\"fontWeight\\\":400,\\\"lineHeight\\\":\\\"49px\\\",\\\"margin\\\":0},\\\"children\\\":\\\"This page could not be found.\\\"},\\\"$2b\\\",\\\"$32\\\",1]},\\\"$2b\\\",\\\"$31\\\",1]]},\\\"$2b\\\",\\\"$2e\\\",1]},\\\"$2b\\\",\\\"$2d\\\",1]]\\n\"])</script><script>self.__next_f.push([1,\"13:[\\\"$\\\",\\\"html\\\",null,{\\\"lang\\\":\\\"en\\\",\\\"children\\\":[[\\\"$\\\",\\\"head\\\",null,{\\\"children\\\":[\\\"$\\\",\\\"script\\\",null,{\\\"src\\\":\\\"https://cdn.paddle.com/paddle/paddle.js\\\",\\\"data-vendor\\\":\\\"$undefined\\\",\\\"data-environment\\\":\\\"sandbox\\\",\\\"async\\\":true},\\\"$14\\\",\\\"$1f\\\",1]},\\\"$14\\\",\\\"$1e\\\",1],[\\\"$\\\",\\\"body\\\",null,{\\\"className\\\":\\\"geist_a71539c9-module__T19VSG__variable geist_mono_8d43a2aa-module__8Li5zG__variable font-sans min-h-screen flex flex-col antialiased\\\",\\\"children\\\":[[\\\"$\\\",\\\"$L22\\\",null,{},\\\"$14\\\",\\\"$21\\\",1],[\\\"$\\\",\\\"main\\\",null,{\\\"className\\\":\\\"flex-1\\\",\\\"children\\\":[\\\"$\\\",\\\"$L25\\\",null,{\\\"parallelRouterKey\\\":\\\"children\\\",\\\"error\\\":\\\"$undefined\\\",\\\"errorStyles\\\":\\\"$undefined\\\",\\\"errorScripts\\\":\\\"$undefined\\\",\\\"template\\\":[\\\"$\\\",\\\"$L27\\\",null,{},null,\\\"$26\\\",1],\\\"templateStyles\\\":\\\"$undefined\\\",\\\"templateScripts\\\":\\\"$undefined\\\",\\\"notFound\\\":[\\\"$\\\",\\\"$L7\\\",\\\"c-not-found\\\",{\\\"type\\\":\\\"not-found\\\",\\\"pagePath\\\":\\\"__next_builtin__not-found.js\\\",\\\"children\\\":[\\\"$29\\\",[]]},null,\\\"$28\\\",0],\\\"forbidden\\\":\\\"$undefined\\\",\\\"unauthorized\\\":\\\"$undefined\\\",\\\"segmentViewBoundaries\\\":[[\\\"$\\\",\\\"$L7\\\",null,{\\\"type\\\":\\\"boundary:not-found\\\",\\\"pagePath\\\":\\\"__next_builtin__not-found.js@boundary\\\"},null,\\\"$33\\\",1],\\\"$undefined\\\",\\\"$undefined\\\",[\\\"$\\\",\\\"$L7\\\",null,{\\\"type\\\":\\\"boundary:global-error\\\",\\\"pagePath\\\":\\\"__next_builtin__global-error.js\\\"},null,\\\"$34\\\",1]]},null,\\\"$24\\\",1]},\\\"$14\\\",\\\"$23\\\",1],[\\\"$\\\",\\\"$L36\\\",null,{},\\\"$14\\\",\\\"$35\\\",1],[\\\"$\\\",\\\"$L38\\\",null,{},\\\"$14\\\",\\\"$37\\\",1],[\\\"$\\\",\\\"$L3a\\\",null,{},\\\"$14\\\",\\\"$39\\\",1],[\\\"$\\\",\\\"$L3c\\\",null,{},\\\"$14\\\",\\\"$3b\\\",1]]},\\\"$14\\\",\\\"$20\\\",1]]},\\\"$14\\\",\\\"$1d\\\",1]\\n\"])</script><script>self.__next_f.push([1,\"47:D\\\"$48\\\"\\n4a:D\\\"$4b\\\"\\n4a:[\\\"$\\\",\\\"$L4d\\\",null,{\\\"promise\\\":\\\"$@4e\\\"},\\\"$4b\\\",\\\"$4c\\\",1]\\n50:D\\\"$51\\\"\\n50:null\\n52:D\\\"$53\\\"\\n56:D\\\"$57\\\"\\n52:[[\\\"$\\\",\\\"$L55\\\",null,{\\\"children\\\":\\\"$L56\\\"},\\\"$53\\\",\\\"$54\\\",1],[\\\"$\\\",\\\"meta\\\",null,{\\\"name\\\":\\\"next-size-adjust\\\",\\\"content\\\":\\\"\\\"},\\\"$53\\\",\\\"$58\\\",1]]\\n59:D\\\"$5a\\\"\\n5d:D\\\"$5e\\\"\\n62:D\\\"$63\\\"\\n5d:[\\\"$\\\",\\\"div\\\",null,{\\\"hidden\\\":true,\\\"children\\\":[\\\"$\\\",\\\"$61\\\",null,{\\\"fallback\\\":null,\\\"children\\\":\\\"$L62\\\"},\\\"$5e\\\",\\\"$60\\\",1]},\\\"$5e\\\",\\\"$5f\\\",1]\\n59:[\\\"$\\\",\\\"$L5c\\\",null,{\\\"children\\\":\\\"$5d\\\"},\\\"$5a\\\",\\\"$5b\\\",1]\\n64:[]\\n\"])</script><script>self.__next_f.push([1,\"0:{\\\"P\\\":\\\"$1\\\",\\\"b\\\":\\\"development\\\",\\\"p\\\":\\\"\\\",\\\"c\\\":[\\\"\\\",\\\"\\\"],\\\"i\\\":false,\\\"f\\\":[[[\\\"\\\",{\\\"children\\\":[\\\"__PAGE__\\\",{}]},\\\"$undefined\\\",\\\"$undefined\\\",true],[\\\"\\\",[\\\"$\\\",\\\"$L7\\\",\\\"layout\\\",{\\\"type\\\":\\\"layout\\\",\\\"pagePath\\\":\\\"layout.tsx\\\",\\\"children\\\":[\\\"$\\\",\\\"$9\\\",\\\"c\\\",{\\\"children\\\":[[[\\\"$\\\",\\\"link\\\",\\\"0\\\",{\\\"rel\\\":\\\"stylesheet\\\",\\\"href\\\":\\\"/_next/static/chunks/%5Broot-of-the-server%5D__0f0ba101._.css\\\",\\\"precedence\\\":\\\"next_static/chunks/[root-of-the-server]__0f0ba101._.css\\\",\\\"crossOrigin\\\":\\\"$undefined\\\",\\\"nonce\\\":\\\"$undefined\\\"},null,\\\"$a\\\",0],[\\\"$\\\",\\\"script\\\",\\\"script-0\\\",{\\\"src\\\":\\\"/_next/static/chunks/node_modules_%40supabase_node-fetch_browser_ebbd8575.js\\\",\\\"async\\\":true,\\\"nonce\\\":\\\"$undefined\\\"},null,\\\"$b\\\",0],[\\\"$\\\",\\\"script\\\",\\\"script-1\\\",{\\\"src\\\":\\\"/_next/static/chunks/src_6e6db64b._.js\\\",\\\"async\\\":true,\\\"nonce\\\":\\\"$undefined\\\"},null,\\\"$c\\\",0],[\\\"$\\\",\\\"script\\\",\\\"script-2\\\",{\\\"src\\\":\\\"/_next/static/chunks/node_modules_next_79493236._.js\\\",\\\"async\\\":true,\\\"nonce\\\":\\\"$undefined\\\"},null,\\\"$d\\\",0],[\\\"$\\\",\\\"script\\\",\\\"script-3\\\",{\\\"src\\\":\\\"/_next/static/chunks/node_modules_motion-dom_dist_es_da948acf._.js\\\",\\\"async\\\":true,\\\"nonce\\\":\\\"$undefined\\\"},null,\\\"$e\\\",0],[\\\"$\\\",\\\"script\\\",\\\"script-4\\\",{\\\"src\\\":\\\"/_next/static/chunks/node_modules_framer-motion_dist_es_fdd5ade6._.js\\\",\\\"async\\\":true,\\\"nonce\\\":\\\"$undefined\\\"},null,\\\"$f\\\",0],[\\\"$\\\",\\\"script\\\",\\\"script-5\\\",{\\\"src\\\":\\\"/_next/static/chunks/node_modules_%40supabase_auth-js_dist_module_d12e0176._.js\\\",\\\"async\\\":true,\\\"nonce\\\":\\\"$undefined\\\"},null,\\\"$10\\\",0],[\\\"$\\\",\\\"script\\\",\\\"script-6\\\",{\\\"src\\\":\\\"/_next/static/chunks/node_modules_465cf5ed._.js\\\",\\\"async\\\":true,\\\"nonce\\\":\\\"$undefined\\\"},null,\\\"$11\\\",0],[\\\"$\\\",\\\"script\\\",\\\"script-7\\\",{\\\"src\\\":\\\"/_next/static/chunks/src_app_layout_tsx_0a548d63._.js\\\",\\\"async\\\":true,\\\"nonce\\\":\\\"$undefined\\\"},null,\\\"$12\\\",0]],\\\"$13\\\"]},null,\\\"$8\\\",1]},null,\\\"$6\\\",0],{\\\"children\\\":[\\\"__PAGE__\\\",[\\\"$\\\",\\\"$9\\\",\\\"c\\\",{\\\"children\\\":[[\\\"$\\\",\\\"$L7\\\",\\\"c-page\\\",{\\\"type\\\":\\\"page\\\",\\\"pagePath\\\":\\\"page.tsx\\\",\\\"children\\\":[\\\"$\\\",\\\"$L40\\\",null,{\\\"Component\\\":\\\"$41\\\",\\\"searchParams\\\":{},\\\"params\\\":{}},null,\\\"$3f\\\",1]},null,\\\"$3e\\\",1],[[\\\"$\\\",\\\"script\\\",\\\"script-0\\\",{\\\"src\\\":\\\"/_next/static/chunks/src_665178cf._.js\\\",\\\"async\\\":true,\\\"nonce\\\":\\\"$undefined\\\"},null,\\\"$42\\\",0],[\\\"$\\\",\\\"script\\\",\\\"script-1\\\",{\\\"src\\\":\\\"/_next/static/chunks/node_modules_9e648a50._.js\\\",\\\"async\\\":true,\\\"nonce\\\":\\\"$undefined\\\"},null,\\\"$43\\\",0],[\\\"$\\\",\\\"script\\\",\\\"script-2\\\",{\\\"src\\\":\\\"/_next/static/chunks/src_app_page_tsx_2a792671._.js\\\",\\\"async\\\":true,\\\"nonce\\\":\\\"$undefined\\\"},null,\\\"$44\\\",0]],[\\\"$\\\",\\\"$L46\\\",null,{\\\"children\\\":[\\\"$L47\\\",\\\"$4a\\\"]},null,\\\"$45\\\",1]]},null,\\\"$3d\\\",0],{},null,false]},null,false],[\\\"$\\\",\\\"$9\\\",\\\"h\\\",{\\\"children\\\":[\\\"$50\\\",\\\"$52\\\",\\\"$59\\\"]},null,\\\"$4f\\\",0],false]],\\\"m\\\":\\\"$W64\\\",\\\"G\\\":[\\\"$65\\\",[\\\"$\\\",\\\"$L7\\\",\\\"ge-svn\\\",{\\\"type\\\":\\\"global-error\\\",\\\"pagePath\\\":\\\"__next_builtin__global-error.js\\\",\\\"children\\\":[[\\\"$\\\",\\\"link\\\",\\\"0\\\",{\\\"rel\\\":\\\"stylesheet\\\",\\\"href\\\":\\\"/_next/static/chunks/%5Broot-of-the-server%5D__0f0ba101._.css\\\",\\\"precedence\\\":\\\"next_static/chunks/[root-of-the-server]__0f0ba101._.css\\\",\\\"crossOrigin\\\":\\\"$undefined\\\",\\\"nonce\\\":\\\"$undefined\\\"},null,\\\"$67\\\",0]]},null,\\\"$66\\\",0]],\\\"s\\\":false,\\\"S\\\":false}\\n\"])</script><script>self.__next_f.push([1,\"56:[[\\\"$\\\",\\\"meta\\\",\\\"0\\\",{\\\"charSet\\\":\\\"utf-8\\\"},\\\"$48\\\",\\\"$68\\\",0],[\\\"$\\\",\\\"meta\\\",\\\"1\\\",{\\\"name\\\":\\\"viewport\\\",\\\"content\\\":\\\"width=device-width, initial-scale=1\\\"},\\\"$48\\\",\\\"$69\\\",0]]\\n47:null\\n\"])</script><script>self.__next_f.push([1,\"4e:{\\\"metadata\\\":[[\\\"$\\\",\\\"title\\\",\\\"0\\\",{\\\"children\\\":\\\"Recipe Chef - Your Personal Recipe Manager\\\"},\\\"$4b\\\",\\\"$6a\\\",0],[\\\"$\\\",\\\"meta\\\",\\\"1\\\",{\\\"name\\\":\\\"description\\\",\\\"content\\\":\\\"Organize, discover, and manage your recipes with AI-powered search and smart meal planning.\\\"},\\\"$4b\\\",\\\"$6b\\\",0],[\\\"$\\\",\\\"meta\\\",\\\"2\\\",{\\\"name\\\":\\\"author\\\",\\\"content\\\":\\\"Recipe Chef\\\"},\\\"$4b\\\",\\\"$6c\\\",0],[\\\"$\\\",\\\"link\\\",\\\"3\\\",{\\\"rel\\\":\\\"manifest\\\",\\\"href\\\":\\\"/manifest.json\\\",\\\"crossOrigin\\\":\\\"$undefined\\\"},\\\"$4b\\\",\\\"$6d\\\",0],[\\\"$\\\",\\\"meta\\\",\\\"4\\\",{\\\"name\\\":\\\"keywords\\\",\\\"content\\\":\\\"recipes,cooking,meal planning,recipe manager,chef\\\"},\\\"$4b\\\",\\\"$6e\\\",0],[\\\"$\\\",\\\"meta\\\",\\\"5\\\",{\\\"name\\\":\\\"creator\\\",\\\"content\\\":\\\"Recipe Chef\\\"},\\\"$4b\\\",\\\"$6f\\\",0],[\\\"$\\\",\\\"meta\\\",\\\"6\\\",{\\\"name\\\":\\\"publisher\\\",\\\"content\\\":\\\"Recipe Chef\\\"},\\\"$4b\\\",\\\"$70\\\",0],[\\\"$\\\",\\\"meta\\\",\\\"7\\\",{\\\"name\\\":\\\"robots\\\",\\\"content\\\":\\\"index, follow\\\"},\\\"$4b\\\",\\\"$71\\\",0],[\\\"$\\\",\\\"meta\\\",\\\"8\\\",{\\\"name\\\":\\\"googlebot\\\",\\\"content\\\":\\\"index, follow, max-video-preview:-1, max-image-preview:large, max-snippet:-1\\\"},\\\"$4b\\\",\\\"$72\\\",0],[\\\"$\\\",\\\"meta\\\",\\\"9\\\",{\\\"name\\\":\\\"format-detection\\\",\\\"content\\\":\\\"telephone=no, address=no, email=no\\\"},\\\"$4b\\\",\\\"$73\\\",0],[\\\"$\\\",\\\"meta\\\",\\\"10\\\",{\\\"property\\\":\\\"og:title\\\",\\\"content\\\":\\\"Recipe Chef - Your Personal Recipe Manager\\\"},\\\"$4b\\\",\\\"$74\\\",0],[\\\"$\\\",\\\"meta\\\",\\\"11\\\",{\\\"property\\\":\\\"og:description\\\",\\\"content\\\":\\\"Organize, discover, and manage your recipes with AI-powered search and smart meal planning.\\\"},\\\"$4b\\\",\\\"$75\\\",0],[\\\"$\\\",\\\"meta\\\",\\\"12\\\",{\\\"property\\\":\\\"og:url\\\",\\\"content\\\":\\\"http://localhost:3002\\\"},\\\"$4b\\\",\\\"$76\\\",0],[\\\"$\\\",\\\"meta\\\",\\\"13\\\",{\\\"property\\\":\\\"og:site_name\\\",\\\"content\\\":\\\"Recipe Chef\\\"},\\\"$4b\\\",\\\"$77\\\",0],[\\\"$\\\",\\\"meta\\\",\\\"14\\\",{\\\"property\\\":\\\"og:locale\\\",\\\"content\\\":\\\"en_US\\\"},\\\"$4b\\\",\\\"$78\\\",0],[\\\"$\\\",\\\"meta\\\",\\\"15\\\",{\\\"property\\\":\\\"og:type\\\",\\\"content\\\":\\\"website\\\"},\\\"$4b\\\",\\\"$79\\\",0],[\\\"$\\\",\\\"meta\\\",\\\"16\\\",{\\\"name\\\":\\\"twitter:card\\\",\\\"content\\\":\\\"summary_large_image\\\"},\\\"$4b\\\",\\\"$7a\\\",0],[\\\"$\\\",\\\"meta\\\",\\\"17\\\",{\\\"name\\\":\\\"twitter:title\\\",\\\"content\\\":\\\"Recipe Chef - Your Personal Recipe Manager\\\"},\\\"$4b\\\",\\\"$7b\\\",0],[\\\"$\\\",\\\"meta\\\",\\\"18\\\",{\\\"name\\\":\\\"twitter:description\\\",\\\"content\\\":\\\"Organize, discover, and manage your recipes with AI-powered search and smart meal planning.\\\"},\\\"$4b\\\",\\\"$7c\\\",0],[\\\"$\\\",\\\"link\\\",\\\"19\\\",{\\\"rel\\\":\\\"icon\\\",\\\"href\\\":\\\"/favicon.svg\\\"},\\\"$4b\\\",\\\"$7d\\\",0],[\\\"$\\\",\\\"link\\\",\\\"20\\\",{\\\"rel\\\":\\\"apple-touch-icon\\\",\\\"href\\\":\\\"/apple-touch-icon.svg\\\"},\\\"$4b\\\",\\\"$7e\\\",0],[\\\"$\\\",\\\"$L80\\\",\\\"21\\\",{},\\\"$4b\\\",\\\"$7f\\\",0]],\\\"error\\\":null,\\\"digest\\\":\\\"$undefined\\\"}\\n\"])</script><script>self.__next_f.push([1,\"62:\\\"$4e:metadata\\\"\\n\"])</script><script data-nextjs-dev-overlay=\"true\" style=\"display: block; position: absolute;\"><nextjs-portal style=\"--nextjs-dev-tools-scale: 1;\"></nextjs-portal></script><next-route-announcer style=\"position: absolute;\"></next-route-announcer></body></html>"[39m

      44 |       await page.waitForTimeout(1000);
      45 |       const content = await page.content();
    > 46 |       expect(content).not.toMatch(/<script>(?!.*__NEXT_DATA__)/);
         |                           ^
      47 |     });
      48 |   });
      49 |
        at /Users/josephvaleri/recipe-chef/tests/security.spec.ts:46:27

    attachment #1: screenshot (image/png) ──────────────────────────────────────────────────────────
    test-results/security-Security-Vulnerab-3e58b-sanitize-recipe-description-chromium/test-failed-1.png
    ────────────────────────────────────────────────────────────────────────────────────────────────

    attachment #2: video (video/webm) ──────────────────────────────────────────────────────────────
    test-results/security-Security-Vulnerab-3e58b-sanitize-recipe-description-chromium/video.webm
    ────────────────────────────────────────────────────────────────────────────────────────────────

    Error Context: test-results/security-Security-Vulnerab-3e58b-sanitize-recipe-description-chromium/error-context.md

    attachment #4: trace (application/zip) ─────────────────────────────────────────────────────────
    test-results/security-Security-Vulnerab-3e58b-sanitize-recipe-description-chromium/trace.zip
    Usage:

        npx playwright show-trace test-results/security-Security-Vulnerab-3e58b-sanitize-recipe-description-chromium/trace.zip

    ────────────────────────────────────────────────────────────────────────────────────────────────

  4) [chromium] › tests/security.spec.ts:82:9 › Security Vulnerability Tests › Authentication & Authorization › should redirect unauthenticated users from protected routes 

    Error: [2mexpect([22m[31mreceived[39m[2m).[22mtoMatch[2m([22m[32mexpected[39m[2m)[22m

    Expected pattern: [32m/\/(auth\/signin|$)/[39m
    Received string:  [31m"http://localhost:3000/shopping-list"[39m

       95 |         // Should redirect to sign in
       96 |         const url = page.url();
    >  97 |         expect(url).toMatch(/\/(auth\/signin|$)/);
          |                     ^
       98 |       }
       99 |     });
      100 |
        at /Users/josephvaleri/recipe-chef/tests/security.spec.ts:97:21

    attachment #1: screenshot (image/png) ──────────────────────────────────────────────────────────
    test-results/security-Security-Vulnerab-eb1f8-users-from-protected-routes-chromium/test-failed-1.png
    ────────────────────────────────────────────────────────────────────────────────────────────────

    attachment #2: video (video/webm) ──────────────────────────────────────────────────────────────
    test-results/security-Security-Vulnerab-eb1f8-users-from-protected-routes-chromium/video.webm
    ────────────────────────────────────────────────────────────────────────────────────────────────

    Error Context: test-results/security-Security-Vulnerab-eb1f8-users-from-protected-routes-chromium/error-context.md

    attachment #4: trace (application/zip) ─────────────────────────────────────────────────────────
    test-results/security-Security-Vulnerab-eb1f8-users-from-protected-routes-chromium/trace.zip
    Usage:

        npx playwright show-trace test-results/security-Security-Vulnerab-eb1f8-users-from-protected-routes-chromium/trace.zip

    ────────────────────────────────────────────────────────────────────────────────────────────────

  5) [chromium] › tests/security.spec.ts:101:9 › Security Vulnerability Tests › Authentication & Authorization › should not allow access to admin routes for non-admin users 

    Error: [2mexpect([22m[31mreceived[39m[2m).[22mnot[2m.[22mtoContain[2m([22m[32mexpected[39m[2m) // indexOf[22m

    Expected substring: not [32m"/admin"[39m
    Received string:        [31m"http://localhost:3000[7m/admin[27m"[39m

      105 |       // Should redirect to home or sign in
      106 |       const url = page.url();
    > 107 |       expect(url).not.toContain('/admin');
          |                       ^
      108 |     });
      109 |   });
      110 |
        at /Users/josephvaleri/recipe-chef/tests/security.spec.ts:107:23

    attachment #1: screenshot (image/png) ──────────────────────────────────────────────────────────
    test-results/security-Security-Vulnerab-4c26c--routes-for-non-admin-users-chromium/test-failed-1.png
    ────────────────────────────────────────────────────────────────────────────────────────────────

    attachment #2: video (video/webm) ──────────────────────────────────────────────────────────────
    test-results/security-Security-Vulnerab-4c26c--routes-for-non-admin-users-chromium/video.webm
    ────────────────────────────────────────────────────────────────────────────────────────────────

    Error Context: test-results/security-Security-Vulnerab-4c26c--routes-for-non-admin-users-chromium/error-context.md

    attachment #4: trace (application/zip) ─────────────────────────────────────────────────────────
    test-results/security-Security-Vulnerab-4c26c--routes-for-non-admin-users-chromium/trace.zip
    Usage:

        npx playwright show-trace test-results/security-Security-Vulnerab-4c26c--routes-for-non-admin-users-chromium/trace.zip

    ────────────────────────────────────────────────────────────────────────────────────────────────

  5 failed
    [chromium] › tests/auth.spec.ts:30:7 › Authentication Tests › should navigate to sign up page ──
    [chromium] › tests/auth.spec.ts:56:7 › Authentication Tests › should not expose sensitive data in response headers 
    [chromium] › tests/security.spec.ts:38:9 › Security Vulnerability Tests › XSS Protection › should sanitize recipe description 
    [chromium] › tests/security.spec.ts:82:9 › Security Vulnerability Tests › Authentication & Authorization › should redirect unauthenticated users from protected routes 
    [chromium] › tests/security.spec.ts:101:9 › Security Vulnerability Tests › Authentication & Authorization › should not allow access to admin routes for non-admin users 
  43 passed (2.1m)

  Serving HTML report at http://localhost:9323. Press Ctrl+C to quit.
